###################################################################################
#   Copyright (c) 2007 Peter Minary.        ~---------------------------------~   #
#   All Rights Reserved.                    |     |              /    /    / ~|   #
#      __           ~-           __         |    \|/     _      /         / ~ |   #
#     /^^\     M   -  ~   M     /^^\        |   \_|_/  ((|))   /  M /  _ / ~ ~|   #
#    /^^^^\   O   -    ~   O   /^^^^\       |  \__|__/ ((|))  /      ((|))~ ~ |   #
#     |  |     S   -  ~   S     |  |        |     |      |   /  O /  ((|)) ~ ~|   #
#     |  |      A   ~-   A      |  |        |  _     _   |  /         /|~ ~ ~ |   #
#     |  |     I   ~  -   I     |  |        | {|}  ((|)) | /  S /  _ /~| ~_~ ~|   #
#    _|__|_   C   ~    -   C   _|__|_       |{{|}} ((|))  /      ((|)) |~{|}~ |   #
#              S   ~  -   S                 |  |     |   /  A /  ((|))~ {{|}}~|   #
#   --------------- -~ ----------------     |    _   |  /         /| ~ ~ ~| ~ |   #
#    Methodologies for Optimization and     |  ((|)) | /  I /  _ / |~ ~ ~| ~ ~|   #
#    SAmpling In Computational Studies      |  ((|))  /      ((|)) | ~  \|/ ~ |   #
#   -----------------------------------     |    |   /  C /  ((|))~ ~  \_|_/ ~|   #
#                                           |    |  /         /| ~ ~  \__|__/~|   #
#          >>  version.3.9.1  <<            |    | /  S /    /~|~ ~ ~ ~ ~| ~ ~|   #
#                                           |     /         /~ | ~ ~ ~ ~ ~ ~ ~|   #
#                                           ~---------------------------------~   #
###################################################################################


===================================================================================
Reading simulation input file mcmc_ctl_vac.input
-----------------------------------------------------------------------------------
-----------------------------------------------------------------------------------
Completed reading file mcmc_ctl_vac.input
===================================================================================


===================================================================================
Reading potential database files 
-----------------------------------------------------------------------------------
----------------------------------------------
Reading in database from file /Users/bright/Documents/MOSAICS/work/staging/forcefields/panel/db_bsc1/mosaics_amber99-bsc1.bond
...
Database reading done, total 144 entries read.
----------------------------------------------
----------------------------------------------
Reading in database from file /Users/bright/Documents/MOSAICS/work/staging/forcefields/panel/db_bsc1/mosaics_amber99-bsc1.bend
...
Database reading done, total 350 entries read.
----------------------------------------------
----------------------------------------------
Reading in database from file /Users/bright/Documents/MOSAICS/work/staging/forcefields/panel/db_bsc1/mosaics_amber99-bsc1.tors_and_impr
...
Database reading done, total 453 entries read.
----------------------------------------------
----------------------------------------------
Reading in database from file /Users/bright/Documents/MOSAICS/work/staging/forcefields/panel/db_bsc1/mosaics_amber99-bsc1.onfo
...
Database reading done, total 2211 entries read.
----------------------------------------------
----------------------------------------------
Reading in database from file /Users/bright/Documents/MOSAICS/work/staging/forcefields/panel/db_bsc1/mosaics_amber99-bsc1.vdw
...
Database reading done, total 2211 entries read.
----------------------------------------------
-----------------------------------------------------------------------------------
Completed reading potential database files 
===================================================================================


===================================================================================
Creating atom maps
-----------------------------------------------------------------------------------
-----------------------------------------------------------------------------------
Creating atom maps done
===================================================================================


===================================================================================
Reading file ddd_bsc1_staging_naming.pdb
-----------------------------------------------------------------------------------
----------------------------------------------
Reading file ddd_bsc1_staging_naming.pdb
...
File reading done, total 758 lines read.
----------------------------------------------
-----------------------------------------------------------------------------------
Completed reading file ddd_bsc1_staging_naming.pdb
===================================================================================


===================================================================================
Reading residue topology file /Users/bright/Documents/MOSAICS/work/staging/forcefields/panel/top_all99-bsc1_prot_hybrid_chidef.rtf
-----------------------------------------------------------------------------------
----------------------------------------------
Reading file /Users/bright/Documents/MOSAICS/work/staging/forcefields/panel/top_all99-bsc1_prot_hybrid_chidef.rtf
...
File reading done, total 1504 lines read.
----------------------------------------------
-----------------------------------------------------------------------------------
Completed reading file /Users/bright/Documents/MOSAICS/work/staging/forcefields/panel/top_all99-bsc1_prot_hybrid_chidef.rtf
===================================================================================


===================================================================================
Setting up residue topology
-----------------------------------------------------------------------------------
----------------------------------------------
Sampling atom velocities
...
Atom velocities sampling done.
----------------------------------------------
-----------------------------------------------------------------------------------
Residue topology setup done
===================================================================================


===================================================================================
Setting up torsional transformations
-----------------------------------------------------------------------------------
Constant Bond Length Double Closure (CBLC) for DNA
Constant Bond Length Double Closure (CBLC) for DNA
-----------------------------------------------------------------------------------
Torsional transformations setup done
===================================================================================


===================================================================================
Setting up connectivity
-----------------------------------------------------------------------------------
----------------------------------------------
Setting up bonds
...
Bonds setting up done.
----------------------------------------------
----------------------------------------------
Setting up bends
...
Bends setting up done.
----------------------------------------------
----------------------------------------------
Setting up tors
...
Tors setting up done.
----------------------------------------------
----------------------------------------------
Setting up onefour
...
Onefour setting up done.
----------------------------------------------
----------------------------------------------
Setting up inter-molecular interactions
...
Inter-mol setting up done.
----------------------------------------------
-----------------------------------------------------------------------------------
Connectivity setup done
===================================================================================


===================================================================================
System setup 
-----------------------------------------------------------------------------------
Total number of molecules: 2

Number of biopolymer molecules: 2
Itemizing...

1. molecule 
molecule type ~~~>DNA<~~~
molecule chain id ~~~>A<~~~
 1. residue is 1  CD5  natom 28, charge -0.31
 2. residue is 2  GUD  natom 33, charge -1
 3. residue is 3  CYD  natom 30, charge -1
 4. residue is 4  GUD  natom 33, charge -1
 5. residue is 5  ADD  natom 32, charge -1
 6. residue is 6  ADD  natom 32, charge -1
 7. residue is 7  THD  natom 32, charge -1
 8. residue is 8  THD  natom 32, charge -1
 9. residue is 9  CYD  natom 30, charge -1
 10. residue is 10  GUD  natom 33, charge -1
 11. residue is 11  CYD  natom 30, charge -1
 12. residue is 12  GD3  natom 34, charge -0.69
molecular charge -11

2. molecule 
molecule type ~~~>DNA<~~~
molecule chain id ~~~>B<~~~
 1. residue is 13  CD5  natom 28, charge -0.31
 2. residue is 14  GUD  natom 33, charge -1
 3. residue is 15  CYD  natom 30, charge -1
 4. residue is 16  GUD  natom 33, charge -1
 5. residue is 17  ADD  natom 32, charge -1
 6. residue is 18  ADD  natom 32, charge -1
 7. residue is 19  THD  natom 32, charge -1
 8. residue is 20  THD  natom 32, charge -1
 9. residue is 21  CYD  natom 30, charge -1
 10. residue is 22  GUD  natom 33, charge -1
 11. residue is 23  CYD  natom 30, charge -1
 12. residue is 24  GD3  natom 34, charge -0.69
molecular charge -11

Number of water molecules: 0
Number of atoms/ions: 0 
Number of dummy atoms: 0
Number of other molecules: 0 
Total system charge: -22
-----------------------------------------------------------------------------------
System setup done
===================================================================================


===================================================================================
Initial energies in kcal/mol
-----------------------------------------------------------------------------------
Initial Bond energy 94.35242366497357
Initial Bend energy 907.2123724296151
Initial Torsion energy 548.0386364645709
Initial Onefour energy -2718.025277530988
Initial Inter energy 3287.826735850419
Initial Constraint energy 0
Initial Total energy 2119.40489087859
-----------------------------------------------------------------------------------
Initial energies
===================================================================================


===================================================================================
Energy/Temparature Domain Partitioning
-----------------------------------------------------------------------------------
 Levels in energy partitioning 

-1 0 

 Temperature ladder

300 

 Temperature ladder in energy units

0.00095 

current c value 1.05e+03
