OpenMM single-point energy
==========================================================================
OpenMM version         8.5.2.dev-36a30cb
Platform               Reference (double precision)
nonbondedMethod        NoCutoff
constraints            None
rigidWater             False
removeCMMotion         False
implicitSolvent        None
prmtop                 peptide_ff14sb.prmtop
rst7                   peptide_ff14sb_matched.rst7
atoms                  56

Energies in kcal/mol
--------------------------------------------------------------------------
HarmonicAngleForce             0.987334821946
HarmonicBondForce              0.147491810197
NonbondedForce                 63.145721207326
PeriodicTorsionForce           31.981935977939

NonbondedForce decomposition
--------------------------------------------------------------------------
OpenMM reports one combined non-bonded energy.  The system was
evaluated twice more, once with every charge set to zero and once
with every Lennard-Jones epsilon set to zero.

Lennard-Jones (charges zeroed) 134.505678433518
Coulomb (epsilons zeroed)      -71.359957226193
sum of the two                 63.145721207325
NonbondedForce as built        63.145721207326
difference                     -3.908e-13

The last two lines must agree; the difference is printed so that a
reader can confirm it rather than take it on trust.
