OpenMM single-point energy
==========================================================================
OpenMM version         8.5.2.dev-36a30cb
Platform               Reference (double precision)
nonbondedMethod        NoCutoff
constraints            None
rigidWater             False
removeCMMotion         False
implicitSolvent        None
prmtop                 ubiquitin_ff19sb.prmtop
rst7                   ubiquitin_ff19sb_matched.rst7
atoms                  1231

Energies in kcal/mol
--------------------------------------------------------------------------
CMAPTorsionForce               69.952847506314
HarmonicAngleForce             275.364873290101
HarmonicBondForce              125.611891995429
NonbondedForce                 -1865.730941811359
PeriodicTorsionForce           372.750527180098

NonbondedForce decomposition
--------------------------------------------------------------------------
OpenMM reports one combined non-bonded energy.  The system was
evaluated twice more, once with every charge set to zero and once
with every Lennard-Jones epsilon set to zero.

Lennard-Jones (charges zeroed) 533.937693240235
Coulomb (epsilons zeroed)      -2399.668635051769
sum of the two                 -1865.730941811534
NonbondedForce as built        -1865.730941811359
difference                     -1.751e-10

The last two lines must agree; the difference is printed so that a
reader can confirm it rather than take it on trust.
