###################################################################################
#   Copyright (c) 2007 Peter Minary.        ~---------------------------------~   #
#   All Rights Reserved.                    |     |              /    /    / ~|   #
#      __           ~-           __         |    \|/     _      /         / ~ |   #
#     /^^\     M   -  ~   M     /^^\        |   \_|_/  ((|))   /  M /  _ / ~ ~|   #
#    /^^^^\   O   -    ~   O   /^^^^\       |  \__|__/ ((|))  /      ((|))~ ~ |   #
#     |  |     S   -  ~   S     |  |        |     |      |   /  O /  ((|)) ~ ~|   #
#     |  |      A   ~-   A      |  |        |  _     _   |  /         /|~ ~ ~ |   #
#     |  |     I   ~  -   I     |  |        | {|}  ((|)) | /  S /  _ /~| ~_~ ~|   #
#    _|__|_   C   ~    -   C   _|__|_       |{{|}} ((|))  /      ((|)) |~{|}~ |   #
#              S   ~  -   S                 |  |     |   /  A /  ((|))~ {{|}}~|   #
#   --------------- -~ ----------------     |    _   |  /         /| ~ ~ ~| ~ |   #
#    Methodologies for Optimization and     |  ((|)) | /  I /  _ / |~ ~ ~| ~ ~|   #
#    SAmpling In Computational Studies      |  ((|))  /      ((|)) | ~  \|/ ~ |   #
#   -----------------------------------     |    |   /  C /  ((|))~ ~  \_|_/ ~|   #
#                                           |    |  /         /| ~ ~  \__|__/~|   #
#          >>  version.3.9.1  <<            |    | /  S /    /~|~ ~ ~ ~ ~| ~ ~|   #
#                                           |     /         /~ | ~ ~ ~ ~ ~ ~ ~|   #
#                                           ~---------------------------------~   #
###################################################################################


===================================================================================
Reading simulation input file mcmc_ddd_bs0_vac.input
-----------------------------------------------------------------------------------
-----------------------------------------------------------------------------------
Completed reading file mcmc_ddd_bs0_vac.input
===================================================================================


===================================================================================
Reading potential database files 
-----------------------------------------------------------------------------------
----------------------------------------------
Reading in database from file /Users/bright/Documents/MOSAICS/work/pr-fix-staging-nme-rna/params/db_bs0/mosaics_amber99-bs0.bond
...
Database reading done, total 175 entries read.
----------------------------------------------
----------------------------------------------
Reading in database from file /Users/bright/Documents/MOSAICS/work/pr-fix-staging-nme-rna/params/db_bs0/mosaics_amber99-bs0.bend
...
Database reading done, total 567 entries read.
----------------------------------------------
----------------------------------------------
Reading in database from file /Users/bright/Documents/MOSAICS/work/pr-fix-staging-nme-rna/params/db_bs0/mosaics_amber99-bs0.tors_and_impr
...
Database reading done, total 1060 entries read.
----------------------------------------------
----------------------------------------------
Reading in database from file /Users/bright/Documents/MOSAICS/work/pr-fix-staging-nme-rna/params/db_bs0/mosaics_amber99-bs0.onfo
...
Database reading done, total 2145 entries read.
----------------------------------------------
----------------------------------------------
Reading in database from file /Users/bright/Documents/MOSAICS/work/pr-fix-staging-nme-rna/params/db_bs0/mosaics_amber99-bs0.vdw
...
Database reading done, total 2145 entries read.
----------------------------------------------
-----------------------------------------------------------------------------------
Completed reading potential database files 
===================================================================================


===================================================================================
Creating atom maps
-----------------------------------------------------------------------------------
-----------------------------------------------------------------------------------
Creating atom maps done
===================================================================================


===================================================================================
Reading file ddd_bs0_mosaics.pdb
-----------------------------------------------------------------------------------
----------------------------------------------
Reading file ddd_bs0_mosaics.pdb
...
File reading done, total 758 lines read.
----------------------------------------------
-----------------------------------------------------------------------------------
Completed reading file ddd_bs0_mosaics.pdb
===================================================================================


===================================================================================
Reading residue topology file /Users/bright/Documents/MOSAICS/work/pr-fix-staging-nme-rna/params/top_all99-bs0_prot_hybrid_chidef.rtf
-----------------------------------------------------------------------------------
----------------------------------------------
Reading file /Users/bright/Documents/MOSAICS/work/pr-fix-staging-nme-rna/params/top_all99-bs0_prot_hybrid_chidef.rtf
...
File reading done, total 646 lines read.
----------------------------------------------
-----------------------------------------------------------------------------------
Completed reading file /Users/bright/Documents/MOSAICS/work/pr-fix-staging-nme-rna/params/top_all99-bs0_prot_hybrid_chidef.rtf
===================================================================================


===================================================================================
Setting up residue topology
-----------------------------------------------------------------------------------
@@@@@@@@@@@@@@@@@@@@@@@@_error_@@@@@@@@@@@@@@@@@@@@@@@@@
Total 28 atoms in 1. residue(DC) doesn't fit topology
@@@@@@@@@@@@@@@@@@@@@@@@_error_@@@@@@@@@@@@@@@@@@@@@@@@@
