      :-) GROMACS - gmx grompp, 2025.4-conda_forge (double precision) (-:

Executable:   /opt/homebrew/Caskroom/miniforge/base/envs/mosaics-ff-local/bin.ARM_NEON_ASIMD/gmx_d
Data prefix:  /opt/homebrew/Caskroom/miniforge/base/envs/mosaics-ff-local
Working dir:  /Users/bright/Library/CloudStorage/OneDrive-Personal/Documents/MOSAICS_AllAtom_Paper/evidence-v2/ubiquitin/ff14sb/gromacs
Command line:
  gmx_d grompp -f sp.mdp -c sys.gro -p sys.top -o sp.tpr -maxwarn 3


NOTE 1 [file sp.mdp]:
  rlist is equal to rvdw and/or rcoulomb: there is no explicit Verlet
  buffer. The cluster pair list does have a buffering effect, but choosing
  a larger rlist might be necessary for good energy conservation.


NOTE 2 [file sp.mdp]:
  verlet-buffer-pressure-tolerance is ignored when verlet-buffer-tolerance
  < 0

Generating 1-4 interactions: fudge = 0.5

NOTE 3 [file sys.top, line 13642]:
  The bond in molecule-type system1 between atoms 124 OG1 and 125 HG1 has
  an estimated oscillational period of 9.0e-03 ps, which is less than 10
  times the time step of 1.0e-03 ps.
  Maybe you forgot to change the constraints mdp option.

Number of degrees of freedom in T-Coupling group rest is 3690.00
The integrator does not provide a ensemble temperature, there is no system ensemble temperature

NOTE 4 [file sp.mdp]:
  You are using a plain Coulomb cut-off, which might produce artifacts.
  You might want to consider using PME electrostatics.



There were 4 NOTEs

GROMACS reminds you: "Courage is like - it's a habitus, a habit, a virtue: you get it by courageous acts. It's like you learn to swim by swimming. You learn courage by couraging." (Marie Daly)

Setting the LD random seed to 1711275391

Generated 406 of the 406 non-bonded parameter combinations

Generated 406 of the 406 1-4 parameter combinations

Excluding 3 bonded neighbours molecule type 'system1'

Taking velocities from 'sys.gro', all velocities are zero
Analysing residue names:
There are:    76    Protein residues
Analysing Protein...

This run will generate roughly 0 Mb of data
