OpenMM single-point energy
==========================================================================
OpenMM version         8.5.2
Platform               Reference (double precision)
nonbondedMethod        NoCutoff
constraints            None
rigidWater             False
removeCMMotion         False
implicitSolvent        None
prmtop                 ddd_bs0.prmtop
rst7                   ddd_bs0.rst7
atoms                  758

Energies in kcal/mol
--------------------------------------------------------------------------
HarmonicAngleForce             829.117133782766
HarmonicBondForce              94.352425740669
NonbondedForce                 566.357786573846
PeriodicTorsionForce           468.522095776822

NonbondedForce decomposition
--------------------------------------------------------------------------
OpenMM reports one combined non-bonded energy.  The system was
evaluated twice more, once with every charge set to zero and once
with every Lennard-Jones epsilon set to zero.

Lennard-Jones (charges zeroed) -103.234327925383
Coulomb (epsilons zeroed)      669.592114499112
sum of the two                 566.357786573729
NonbondedForce as built        566.357786573846
difference                     1.165e-10

The last two lines must agree; the difference is printed so that a
reader can confirm it rather than take it on trust.
