OpenMM single-point energy
==========================================================================
OpenMM version         8.5.2
Platform               Reference (double precision)
nonbondedMethod        NoCutoff
constraints            None
rigidWater             False
removeCMMotion         False
implicitSolvent        None
prmtop                 tetraloop_ol3.prmtop
rst7                   tetraloop_ol3_canonical.rst7
atoms                  447

Energies in kcal/mol
--------------------------------------------------------------------------
HarmonicAngleForce             481.178610589112
HarmonicBondForce              27.058795557519
NonbondedForce                 -497.132501299962
PeriodicTorsionForce           336.346122391341

NonbondedForce decomposition
--------------------------------------------------------------------------
OpenMM reports one combined non-bonded energy.  The system was
evaluated twice more, once with every charge set to zero and once
with every Lennard-Jones epsilon set to zero.

Lennard-Jones (charges zeroed) 119.181510951407
Coulomb (epsilons zeroed)      -616.314012251372
sum of the two                 -497.132501299965
NonbondedForce as built        -497.132501299962
difference                     3.183e-12

The last two lines must agree; the difference is printed so that a
reader can confirm it rather than take it on trust.
