###################################################################################
#   Copyright (c) 2007 Peter Minary.        ~---------------------------------~   #
#   All Rights Reserved.                    |     |              /    /    / ~|   #
#      __           ~-           __         |    \|/     _      /         / ~ |   #
#     /^^\     M   -  ~   M     /^^\        |   \_|_/  ((|))   /  M /  _ / ~ ~|   #
#    /^^^^\   O   -    ~   O   /^^^^\       |  \__|__/ ((|))  /      ((|))~ ~ |   #
#     |  |     S   -  ~   S     |  |        |     |      |   /  O /  ((|)) ~ ~|   #
#     |  |      A   ~-   A      |  |        |  _     _   |  /         /|~ ~ ~ |   #
#     |  |     I   ~  -   I     |  |        | {|}  ((|)) | /  S /  _ /~| ~_~ ~|   #
#    _|__|_   C   ~    -   C   _|__|_       |{{|}} ((|))  /      ((|)) |~{|}~ |   #
#              S   ~  -   S                 |  |     |   /  A /  ((|))~ {{|}}~|   #
#   --------------- -~ ----------------     |    _   |  /         /| ~ ~ ~| ~ |   #
#    Methodologies for Optimization and     |  ((|)) | /  I /  _ / |~ ~ ~| ~ ~|   #
#    SAmpling In Computational Studies      |  ((|))  /      ((|)) | ~  \|/ ~ |   #
#   -----------------------------------     |    |   /  C /  ((|))~ ~  \_|_/ ~|   #
#                                           |    |  /         /| ~ ~  \__|__/~|   #
#          >>  version.3.9.1  <<            |    | /  S /    /~|~ ~ ~ ~ ~| ~ ~|   #
#                                           |     /         /~ | ~ ~ ~ ~ ~ ~ ~|   #
#                                           ~---------------------------------~   #
###################################################################################


===================================================================================
Reading simulation input file mcmc_tetraloop_charmm36_vac.input
-----------------------------------------------------------------------------------
-----------------------------------------------------------------------------------
Completed reading file mcmc_tetraloop_charmm36_vac.input
===================================================================================


===================================================================================
Reading potential database files 
-----------------------------------------------------------------------------------
----------------------------------------------
Reading in database from file /Users/bright/Documents/MOSAICS/work/pr-fix-staging-nme-rna/params/db_charmm36_na/mosaics_charmm36.bond
...
Database reading done, total 237 entries read.
----------------------------------------------
----------------------------------------------
Reading in database from file /Users/bright/Documents/MOSAICS/work/pr-fix-staging-nme-rna/params/db_charmm36_na/mosaics_charmm36.bend
...
Database reading done, total 562 entries read.
----------------------------------------------
----------------------------------------------
Reading in database from file /Users/bright/Documents/MOSAICS/work/pr-fix-staging-nme-rna/params/db_charmm36_na/mosaics_charmm36.tors_and_impr
...
Database reading done, total 1036 entries read.
----------------------------------------------
----------------------------------------------
Reading in database from file /Users/bright/Documents/MOSAICS/work/pr-fix-staging-nme-rna/params/db_charmm36_na/mosaics_charmm36.onfo
...
Database reading done, total 15753 entries read.
----------------------------------------------
----------------------------------------------
Reading in database from file /Users/bright/Documents/MOSAICS/work/pr-fix-staging-nme-rna/params/db_charmm36_na/mosaics_charmm36.vdw
...
Database reading done, total 15753 entries read.
----------------------------------------------
-----------------------------------------------------------------------------------
Completed reading potential database files 
===================================================================================


===================================================================================
Creating atom maps
-----------------------------------------------------------------------------------
-----------------------------------------------------------------------------------
Creating atom maps done
===================================================================================


===================================================================================
Reading file tetraloop_mosaics.pdb
-----------------------------------------------------------------------------------
----------------------------------------------
Reading file tetraloop_mosaics.pdb
...
File reading done, total 447 lines read.
----------------------------------------------
-----------------------------------------------------------------------------------
Completed reading file tetraloop_mosaics.pdb
===================================================================================


===================================================================================
Reading residue topology file /Users/bright/Documents/MOSAICS/work/pr-fix-staging-nme-rna/params/top_charmm36_nucleic.rtf
-----------------------------------------------------------------------------------
----------------------------------------------
Reading file /Users/bright/Documents/MOSAICS/work/pr-fix-staging-nme-rna/params/top_charmm36_nucleic.rtf
...
File reading done, total 1450 lines read.
----------------------------------------------
-----------------------------------------------------------------------------------
Completed reading file /Users/bright/Documents/MOSAICS/work/pr-fix-staging-nme-rna/params/top_charmm36_nucleic.rtf
===================================================================================


===================================================================================
Setting up residue topology
-----------------------------------------------------------------------------------
----------------------------------------------
Sampling atom velocities
...
Atom velocities sampling done.
----------------------------------------------
-----------------------------------------------------------------------------------
Residue topology setup done
===================================================================================


===================================================================================
Setting up connectivity
-----------------------------------------------------------------------------------
----------------------------------------------
Setting up bonds
...
@@@@@@@@@@@@@@@@@@@@@@@@_error_@@@@@@@@@@@@@@@@@@@@@@@@@
Bond is not found in database.
indices 32 33 
labels GUA-O3' GUA-P 
@@@@@@@@@@@@@@@@@@@@@@@@_error_@@@@@@@@@@@@@@@@@@@@@@@@@
