      :-) GROMACS - gmx energy, 2025.4-conda_forge (double precision) (-:

Executable:   /opt/homebrew/Caskroom/miniforge/base/envs/mosaics-ff-local/bin.ARM_NEON_ASIMD/gmx_d
Data prefix:  /opt/homebrew/Caskroom/miniforge/base/envs/mosaics-ff-local
Working dir:  /Users/bright/Library/CloudStorage/OneDrive-Personal/Documents/MOSAICS_AllAtom_Paper/evidence-v2/ubiquitin/ff19sb/gromacs
Command line:
  gmx_d energy -f sp.edr -o sp.xvg

Opened sp.edr as double precision energy file

Select the terms you want from the following list by
selecting either (part of) the name or the number or a combination.
End your selection with an empty line or a zero.
-------------------------------------------------------------------
  1  Bond             2  Angle            3  Proper-Dih.      4  Per.-Imp.-Dih.
  5  CMAP-Dih.        6  LJ-14            7  Coulomb-14       8  LJ-(SR)       
  9  Coulomb-(SR)    10  Potential     

Reading energy frame      0 time    0.000         Last energy frame read 0 time    0.000         

GROMACS reminds you: "Only entropy comes easy." (Anton Chekov)


Statistics over 1 steps [ 0.0000 through 0.0000 ps ], 10 data sets
All statistics are over 1 points

Energy                      Average   Err.Est.       RMSD  Tot-Drift
-------------------------------------------------------------------------------
Bond                         525.56         --          0          0  (kJ/mol)
Angle                       1152.13         --          0          0  (kJ/mol)
Proper Dih.                 1524.59         --          0          0  (kJ/mol)
Per. Imp. Dih.              34.9954         --          0          0  (kJ/mol)
CMAP Dih.                   257.497         --          0          0  (kJ/mol)
LJ-14                       1625.47         --          0          0  (kJ/mol)
Coulomb-14                  12997.3         --          0          0  (kJ/mol)
LJ (SR)                     608.524         --          0          0  (kJ/mol)
Coulomb (SR)               -23037.5         --          0          0  (kJ/mol)
Potential                  -4311.45         --          0          0  (kJ/mol)
