       :-) GROMACS - gmx mdrun, 2025.4-conda_forge (double precision) (-:

Executable:   /opt/homebrew/Caskroom/miniforge/base/envs/mosaics-ff-local/bin.ARM_NEON_ASIMD/gmx_d
Data prefix:  /opt/homebrew/Caskroom/miniforge/base/envs/mosaics-ff-local
Working dir:  /Users/bright/Library/CloudStorage/OneDrive-Personal/Documents/MOSAICS_AllAtom_Paper/evidence-v2/ubiquitin/ff19sb/gromacs
Command line:
  gmx_d mdrun -s sp.tpr -rerun sys.gro -e sp.edr -g sp.log

Reading file sp.tpr, VERSION 2025.4-conda_forge (double precision)
Can not increase nstlist because an NVE ensemble is used
Using 10 MPI threads
Using 1 OpenMP thread per tMPI thread

starting md rerun 'Generic title', reading coordinates from input trajectory 'sys.gro'

Reading frames from gro file 'GROningen MAchine for Chemical Simulation', 1231 atoms.
Reading frame       0 time    0.000   Last frame          0 time    0.000   

NOTE: 64 % of the run time was spent in domain decomposition,
      1 % of the run time was spent in pair search,
      you might want to increase nstlist (this has no effect on accuracy)

NOTE: 10 % of the run time was spent communicating energies,
      you might want to increase some nst* mdp options

               Core t (s)   Wall t (s)        (%)
       Time:        0.382        0.038      999.1
                 (ns/day)    (hour/ns)
Performance:        2.261       10.614

GROMACS reminds you: "Courage is like - it's a habitus, a habit, a virtue: you get it by courageous acts. It's like you learn to swim by swimming. You learn courage by couraging." (Marie Daly)

