
          -------------------------------------------------------
          Amber 24 SANDER                              2024
          -------------------------------------------------------

| Run on 09/04/2026 at 02:30:51

|   Executable path: /opt/homebrew/Caskroom/miniforge/base/envs/mosaics-ff-local/bin/sander
| Working directory: /Users/bright/Documents/MOSAICS/work/preprint-I/systems/builds/rna_acgu/ol3
|          Hostname: Unknown
  [-O]verwriting output

File Assignments:
|  MDIN: sander_sp.in                                                          
| MDOUT: sander_sp.out                                                         
|INPCRD: rna_acgu_ol3.rst7                                                     
|  PARM: rna_acgu_ol3.prmtop                                                   
|RESTRT: sander.rst                                                            
|  REFC: refc                                                                  
| MDVEL: mdvel                                                                 
| MDFRC: mdfrc                                                                 
|  MDEN: mden                                                                  
| MDCRD: mdcrd                                                                 
|MDINFO: mdinfo                                                                
|  MTMD: mtmd                                                                  
|INPDIP: inpdip                                                                
|RSTDIP: rstdip                                                                
|INPTRA: inptraj                                                               


 Here is the input file:

single point                                                                   
&cntrl                                                                         
 imin=1, maxcyc=1, ncyc=0,                                                     
 ntb=0, igb=0, cut=9999.0, ntpr=1,                                             
/                                                                              

--------------------------------------------------------------------------------
   1.  RESOURCE   USE: 
--------------------------------------------------------------------------------

| Flags:                                                                        
|    NONPERIODIC   ntb=0 and igb=0: Setting up nonperiodic simulation
|  *** cutoff > system size, list only builds once
|Largest sphere to fit in unit cell has radius =    37.379
| New format PARM file being parsed.
| Version =    1.000 Date = 09/04/26 Time = 02:30:51
 NATOM  =     127 NTYPES =      14 NBONH =      45 MBONA  =      91
 NTHETH =     101 MTHETA =     140 NPHIH =     227 MPHIA  =     278
 NHPARM =       0 NPARM  =       0 NNB   =     704 NRES   =       4
 NBONA  =      91 NTHETA =     140 NPHIA =     278 NUMBND =      46
 NUMANG =      94 NPTRA  =      62 NATYP =      27 NPHB   =       0
 IFBOX  =       0 NMXRS  =      34 IFCAP =       0 NEXTRA =       0
 NCOPY  =       0


|     Memory Use     Allocated
|     Real              713853
|     Hollerith            387
|     Integer            47925
|     Max Pairs           8001
|     nblistReal          1524
|     nblist Int       1490004
|       Total            11629 kbytes

| Note: 1-4 EEL scale factors are being read from the topology file.

| Note: 1-4 VDW scale factors are being read from the topology file.
| Duplicated    0 dihedrals
| Duplicated    0 dihedrals

--------------------------------------------------------------------------------
   2.  CONTROL  DATA  FOR  THE  RUN
--------------------------------------------------------------------------------

default_name                                                                    

General flags:
     imin    =       1, nmropt  =       0

Nature and format of input:
     ntx     =       1, irest   =       0, ntrx    =       1

Nature and format of output:
     ntxo    =       2, ntpr    =       1, ntrx    =       1, ntwr    =       1
     iwrap   =       0, ntwx    =       0, ntwv    =       0, ntwe    =       0
     ioutfm  =       1, ntwprt  =       0, idecomp =       0, rbornstat=      0

Potential function:
     ntf     =       1, ntb     =       0, igb     =       0, nsnb    =      25
     ipol    =       0, gbsa    =       0, iesp    =       0
     dielc   =   1.00000, cut     =9999.00000, intdiel =   1.00000

Frozen or restrained atoms:
     ibelly  =       0, ntr     =       0

Energy minimization:
     maxcyc  =       1, ncyc    =       0, ntmin   =       1
     dx0     =   0.01000, drms    =   0.00010
|  INFO: Old style inpcrd file read


--------------------------------------------------------------------------------
   3.  ATOMIC COORDINATES AND VELOCITIES
--------------------------------------------------------------------------------

default_name                                                                    
 begin time read from input coords =     0.000 ps

 Number of triangulated 3-point waters found:        0

     Sum of charges from parm topology file =  -3.00000000

--------------------------------------------------------------------------------
   4.  RESULTS
--------------------------------------------------------------------------------

 ---------------------------------------------------

     eedmeth=4: Setting switch to one everywhere

 ---------------------------------------------------
| Local SIZE OF NONBOND LIST =       7304
| TOTAL SIZE OF NONBOND LIST =       7304


   NSTEP       ENERGY          RMS            GMAX         NAME    NUMBER
      1       2.5843E+03     9.1631E+02     7.1004E+03     H3'        26

 BOND    =       10.9533  ANGLE   =      144.6556  DIHED      =       89.9364
 VDWAALS =     2632.3098  EEL     =      -27.3981  HBOND      =        0.0000
 1-4 VDW =       95.7048  1-4 EEL =     -361.8123  RESTRAINT  =        0.0000


  Maximum number of minimization cycles reached.


                    FINAL RESULTS



   NSTEP       ENERGY          RMS            GMAX         NAME    NUMBER
      1       2.5843E+03     9.1631E+02     7.1004E+03     H3'        26

 BOND    =       10.9533  ANGLE   =      144.6556  DIHED      =       89.9364
 VDWAALS =     2632.3098  EEL     =      -27.3981  HBOND      =        0.0000
 1-4 VDW =       95.7048  1-4 EEL =     -361.8123  RESTRAINT  =        0.0000

--------------------------------------------------------------------------------
   5.  TIMINGS
--------------------------------------------------------------------------------

|    Read coords time           0.00 ( 1.03% of Total)
|                Build the list             0.00 (95.61% of List )
|                Other                      0.00 ( 4.39% of List )
|             List time                  0.00 (36.71% of Nonbo)
|                   Short_ene time             0.00 (73.16% of Direc)
|                   Other                      0.00 (26.84% of Direc)
|                Direct Ewald time          0.00 (98.64% of Ewald)
|                Other                      0.00 ( 1.36% of Ewald)
|             Ewald time                 0.00 (63.29% of Nonbo)
|          Nonbond force              0.00 (72.75% of Force)
|          Bond/Angle/Dihedral        0.00 ( 6.74% of Force)
|          Other                      0.00 (20.52% of Force)
|       Force time                 0.00 (100.0% of Runmd)
|    Runmd Time                 0.00 ( 2.13% of Total)
|    Other                      0.04 (96.83% of Total)
| Total time                 0.04 (98.88% of ALL  )

| Number of list builds   :          1

| Highest rstack allocated:        595
| Highest istack allocated:        119
|           Job began  at 02:30:51.777  on 09/04/2026
|           Setup done at 02:30:51.818  on 09/04/2026
|           Run   done at 02:30:51.822  on 09/04/2026
|     wallclock() was called      58 times

|3D-RISM memory allocation summary
|Type          Maximum        Current   
|Integer       0.00000 GB     0.00000 GB
|Real          0.00000 GB     0.00000 GB
|Logical       0.00000 GB     0.00000 GB
|Character     0.00000 GB     0.00000 GB
|---------------------------------------
|Total         0.00000 GB     0.00000 GB
