      :-) GROMACS - gmx grompp, 2025.4-conda_forge (double precision) (-:

Executable:   /opt/homebrew/Caskroom/miniforge/base/envs/mosaics-ff-local/bin.ARM_NEON_ASIMD/gmx_d
Data prefix:  /opt/homebrew/Caskroom/miniforge/base/envs/mosaics-ff-local
Working dir:  /Users/bright/Library/CloudStorage/OneDrive-Personal/Documents/MOSAICS_AllAtom_Paper/evidence-v2/bpti/ff19sb/gromacs
Command line:
  gmx_d grompp -f sp.mdp -c sys.gro -p sys.top -o sp.tpr -maxwarn 3


NOTE 1 [file sp.mdp]:
  rlist is equal to rvdw and/or rcoulomb: there is no explicit Verlet
  buffer. The cluster pair list does have a buffering effect, but choosing
  a larger rlist might be necessary for good energy conservation.


NOTE 2 [file sp.mdp]:
  verlet-buffer-pressure-tolerance is ignored when verlet-buffer-tolerance
  < 0

Generating 1-4 interactions: fudge = 0.5

NOTE 3 [file sys.top, line 10011]:
  System has non-zero total charge: 6.000000
  Total charge should normally be an integer. See
  https://manual.gromacs.org/current/user-guide/floating-point.html
  for discussion on how close it should be to an integer.




NOTE 4 [file sys.top, line 10011]:
  The bond in molecule-type system1 between atoms 158 OH and 159 HH has an
  estimated oscillational period of 9.0e-03 ps, which is less than 10 times
  the time step of 1.0e-03 ps.
  Maybe you forgot to change the constraints mdp option.

Number of degrees of freedom in T-Coupling group rest is 2673.00
The integrator does not provide a ensemble temperature, there is no system ensemble temperature

NOTE 5 [file sp.mdp]:
  You are using a plain Coulomb cut-off, which might produce artifacts.
  You might want to consider using PME electrostatics.



There were 5 NOTEs

GROMACS reminds you: "Everything He Lacks, He Makes Up In Denial" (Offspring)

