###################################################################################
#   Copyright (c) 2007 Peter Minary.        ~---------------------------------~   #
#   All Rights Reserved.                    |     |              /    /    / ~|   #
#      __           ~-           __         |    \|/     _      /         / ~ |   #
#     /^^\     M   -  ~   M     /^^\        |   \_|_/  ((|))   /  M /  _ / ~ ~|   #
#    /^^^^\   O   -    ~   O   /^^^^\       |  \__|__/ ((|))  /      ((|))~ ~ |   #
#     |  |     S   -  ~   S     |  |        |     |      |   /  O /  ((|)) ~ ~|   #
#     |  |      A   ~-   A      |  |        |  _     _   |  /         /|~ ~ ~ |   #
#     |  |     I   ~  -   I     |  |        | {|}  ((|)) | /  S /  _ /~| ~_~ ~|   #
#    _|__|_   C   ~    -   C   _|__|_       |{{|}} ((|))  /      ((|)) |~{|}~ |   #
#              S   ~  -   S                 |  |     |   /  A /  ((|))~ {{|}}~|   #
#   --------------- -~ ----------------     |    _   |  /         /| ~ ~ ~| ~ |   #
#    Methodologies for Optimization and     |  ((|)) | /  I /  _ / |~ ~ ~| ~ ~|   #
#    SAmpling In Computational Studies      |  ((|))  /      ((|)) | ~  \|/ ~ |   #
#   -----------------------------------     |    |   /  C /  ((|))~ ~  \_|_/ ~|   #
#                                           |    |  /         /| ~ ~  \__|__/~|   #
#          >>  version.3.9.1  <<            |    | /  S /    /~|~ ~ ~ ~ ~| ~ ~|   #
#                                           |     /         /~ | ~ ~ ~ ~ ~ ~ ~|   #
#                                           ~---------------------------------~   #
###################################################################################


===================================================================================
Reading simulation input file sp_bpti_ff19sb_vac_nocmapkeyword.input
-----------------------------------------------------------------------------------
@@@@@@@@@@@@@@@@@@@@@@@@_error_@@@@@@@@@@@@@@@@@@@@@@@@@
Key word cmap_database_file unknown in input file line:
~sim_mol_def
@@@@@@@@@@@@@@@@@@@@@@@@_error_@@@@@@@@@@@@@@@@@@@@@@@@@
