
          -------------------------------------------------------
          Amber 24 SANDER                              2024
          -------------------------------------------------------

| Run on 08/05/2026 at 10:41:17

|   Executable path: sander
| Working directory: /private/tmp/mosaics-ffc/force-field-comparison/1efs/ol15_ol3/topology
|          Hostname: Unknown
  [-O]verwriting output

File Assignments:
|  MDIN: sander_sp.in                                                          
| MDOUT: ol15_ol3_sander_sp.out                                                
|INPCRD: 1efs_matched_ol15_ol3.rst7                                            
|  PARM: 1efs_matched_ol15_ol3.prmtop                                          
|RESTRT: ol15_ol3_sander_sp.rst7                                               
|  REFC: refc                                                                  
| MDVEL: mdvel                                                                 
| MDFRC: mdfrc                                                                 
|  MDEN: mden                                                                  
| MDCRD: mdcrd                                                                 
|MDINFO: ol15_ol3_sander_sp.info                                               
|  MTMD: mtmd                                                                  
|INPDIP: inpdip                                                                
|RSTDIP: rstdip                                                                
|INPTRA: inptraj                                                               


 Here is the input file:

single-point energy 1EFS heteroduplex (vacuum, dielectric=1)                   
 &cntrl                                                                        
  imin=1, maxcyc=0, ntb=0, cut=999.0, ntpr=1, dielc=1.0                        
 /                                                                             

--------------------------------------------------------------------------------
   1.  RESOURCE   USE: 
--------------------------------------------------------------------------------

| Flags:                                                                        
|    NONPERIODIC   ntb=0 and igb=0: Setting up nonperiodic simulation
|  *** cutoff > system size, list only builds once
|Largest sphere to fit in unit cell has radius =    42.203
| New format PARM file being parsed.
| Version =    1.000 Date = 08/05/26 Time = 10:41:17
 NATOM  =     818 NTYPES =      15 NBONH =     279 MBONA  =     602
 NTHETH =     656 MTHETA =     927 NPHIH =    1466 MPHIA  =    1874
 NHPARM =       0 NPARM  =       0 NNB   =    4556 NRES   =      26
 NBONA  =     602 NTHETA =     927 NPHIA =    1874 NUMBND =      52
 NUMANG =     110 NPTRA  =      70 NATYP =      30 NPHB   =       0
 IFBOX  =       0 NMXRS  =      33 IFCAP =       0 NEXTRA =       0
 NCOPY  =       0


|     Memory Use     Allocated
|     Real              768440
|     Hollerith           2482
|     Integer           202657
|     Max Pairs         334153
|     nblistReal          9816
|     nblist Int       2644302
|       Total            18516 kbytes

| Note: 1-4 EEL scale factors are being read from the topology file.

| Note: 1-4 VDW scale factors are being read from the topology file.
| Duplicated    0 dihedrals
| Duplicated    0 dihedrals

--------------------------------------------------------------------------------
   2.  CONTROL  DATA  FOR  THE  RUN
--------------------------------------------------------------------------------

DG5                                                                             

General flags:
     imin    =       1, nmropt  =       0

Nature and format of input:
     ntx     =       1, irest   =       0, ntrx    =       1

Nature and format of output:
     ntxo    =       2, ntpr    =       1, ntrx    =       1, ntwr    =       1
     iwrap   =       0, ntwx    =       0, ntwv    =       0, ntwe    =       0
     ioutfm  =       1, ntwprt  =       0, idecomp =       0, rbornstat=      0

Potential function:
     ntf     =       1, ntb     =       0, igb     =       0, nsnb    =      25
     ipol    =       0, gbsa    =       0, iesp    =       0
     dielc   =   1.00000, cut     = 999.00000, intdiel =   1.00000

Frozen or restrained atoms:
     ibelly  =       0, ntr     =       0

Energy minimization:
     maxcyc  =       0, ncyc    =      10, ntmin   =       1
     dx0     =   0.01000, drms    =   0.00010
|  INFO: Old style inpcrd file read


--------------------------------------------------------------------------------
   3.  ATOMIC COORDINATES AND VELOCITIES
--------------------------------------------------------------------------------

                                                                                
 begin time read from input coords =     0.000 ps

 Number of triangulated 3-point waters found:        0

     Sum of charges from parm topology file = -25.99999993

--------------------------------------------------------------------------------
   4.  RESULTS
--------------------------------------------------------------------------------

 ---------------------------------------------------

     eedmeth=4: Setting switch to one everywhere

 ---------------------------------------------------
| Local SIZE OF NONBOND LIST =     329625
| TOTAL SIZE OF NONBOND LIST =     329625


   NSTEP       ENERGY          RMS            GMAX         NAME    NUMBER
      1       2.5228E+03     1.2757E+01     1.3311E+02     H5''      429

 BOND    =       70.9988  ANGLE   =      220.5651  DIHED      =      592.8495
 VDWAALS =     -465.0691  EEL     =     4451.4029  HBOND      =        0.0000
 1-4 VDW =      245.7727  1-4 EEL =    -2593.7276  RESTRAINT  =        0.0000


  Maximum number of minimization cycles reached.


                    FINAL RESULTS



   NSTEP       ENERGY          RMS            GMAX         NAME    NUMBER
      1       2.5228E+03     1.2757E+01     1.3311E+02     H5''      429

 BOND    =       70.9988  ANGLE   =      220.5651  DIHED      =      592.8495
 VDWAALS =     -465.0691  EEL     =     4451.4029  HBOND      =        0.0000
 1-4 VDW =      245.7727  1-4 EEL =    -2593.7276  RESTRAINT  =        0.0000

--------------------------------------------------------------------------------
   5.  TIMINGS
--------------------------------------------------------------------------------

|    Read coords time           0.00 ( 2.61% of Total)
|    Fast Water setup           0.00 ( 0.03% of Total)
|                Build the list             0.00 (98.78% of List )
|                Other                      0.00 ( 1.22% of List )
|             List time                  0.00 (44.09% of Nonbo)
|                   Short_ene time             0.00 (99.85% of Direc)
|                   Other                      0.00 ( 0.15% of Direc)
|                Direct Ewald time          0.00 (99.00% of Ewald)
|                Other                      0.00 ( 1.00% of Ewald)
|             Ewald time                 0.00 (55.91% of Nonbo)
|          Nonbond force              0.00 (94.56% of Force)
|          Bond/Angle/Dihedral        0.00 ( 5.34% of Force)
|          Other                      0.00 ( 0.10% of Force)
|       Force time                 0.01 (100.0% of Runmd)
|    Runmd Time                 0.01 (39.17% of Total)
|    Other                      0.01 (58.20% of Total)
| Total time                 0.01 (99.83% of ALL  )

| Number of list builds   :          1

| Highest rstack allocated:       4045
| Highest istack allocated:        809
|           Job began  at 10:41:17.162  on 08/05/2026
|           Setup done at 10:41:17.170  on 08/05/2026
|           Run   done at 10:41:17.176  on 08/05/2026
|     wallclock() was called      58 times

|3D-RISM memory allocation summary
|Type          Maximum        Current   
|Integer       0.00000 GB     0.00000 GB
|Real          0.00000 GB     0.00000 GB
|Logical       0.00000 GB     0.00000 GB
|Character     0.00000 GB     0.00000 GB
|---------------------------------------
|Total         0.00000 GB     0.00000 GB
