
          -------------------------------------------------------
          Amber 24 SANDER                              2024
          -------------------------------------------------------

| Run on 09/03/2026 at 06:43:43

|   Executable path: /opt/homebrew/Caskroom/miniforge/base/envs/mosaics-ff-local/bin/sander
| Working directory: /Users/bright/Documents/MOSAICS/work/preprint-I/systems/builds/1hhk/ff14sb
|          Hostname: Unknown
  [-O]verwriting output

File Assignments:
|  MDIN: sander_sp.in                                                          
| MDOUT: sander_sp.out                                                         
|INPCRD: 1hhk_ff14sb.rst7                                                      
|  PARM: 1hhk_ff14sb.prmtop                                                    
|RESTRT: sander_sp.rst7                                                        
|  REFC: refc                                                                  
| MDVEL: mdvel                                                                 
| MDFRC: mdfrc                                                                 
|  MDEN: mden                                                                  
| MDCRD: mdcrd                                                                 
|MDINFO: mdinfo                                                                
|  MTMD: mtmd                                                                  
|INPDIP: inpdip                                                                
|RSTDIP: rstdip                                                                
|INPTRA: inptraj                                                               


 Here is the input file:

single point                                                                   
 &cntrl                                                                        
  imin=1, maxcyc=1, ncyc=0,                                                    
  ntb=0, igb=0, cut=9999.0,                                                    
  ntpr=1, ntwx=0, ntwr=0,                                                      
 /                                                                             

--------------------------------------------------------------------------------
   1.  RESOURCE   USE: 
--------------------------------------------------------------------------------

| Flags:                                                                        
|    NONPERIODIC   ntb=0 and igb=0: Setting up nonperiodic simulation
|  *** cutoff > system size, list only builds once
|Largest sphere to fit in unit cell has radius =    57.514
| New format PARM file being parsed.
| Version =    1.000 Date = 09/03/26 Time = 06:40:32
 NATOM  =    6139 NTYPES =      14 NBONH =    2978 MBONA  =    3255
 NTHETH =    6754 MTHETA =    4419 NPHIH =   14100 MPHIA  =   13673
 NHPARM =       0 NPARM  =       0 NNB   =   33817 NRES   =     384
 NBONA  =    3255 NTHETA =    4419 NPHIA =   13673 NUMBND =      68
 NUMANG =     161 NPTRA  =     204 NATYP =      32 NPHB   =       0
 IFBOX  =       0 NMXRS  =      24 IFCAP =       0 NEXTRA =       0
 NCOPY  =       0


|     Memory Use     Allocated
|     Real             1184014
|     Hollerith          18803
|     Integer          1493672
|     Max Pairs       18840591
|     nblistReal         73668
|     nblist Int       6151399
|       Total           113358 kbytes

| Note: 1-4 EEL scale factors are being read from the topology file.

| Note: 1-4 VDW scale factors are being read from the topology file.
| Duplicated    0 dihedrals
| Duplicated    0 dihedrals

--------------------------------------------------------------------------------
   2.  CONTROL  DATA  FOR  THE  RUN
--------------------------------------------------------------------------------

default_name                                                                    

General flags:
     imin    =       1, nmropt  =       0

Nature and format of input:
     ntx     =       1, irest   =       0, ntrx    =       1

Nature and format of output:
     ntxo    =       2, ntpr    =       1, ntrx    =       1, ntwr    =       1
     iwrap   =       0, ntwx    =       0, ntwv    =       0, ntwe    =       0
     ioutfm  =       1, ntwprt  =       0, idecomp =       0, rbornstat=      0

Potential function:
     ntf     =       1, ntb     =       0, igb     =       0, nsnb    =      25
     ipol    =       0, gbsa    =       0, iesp    =       0
     dielc   =   1.00000, cut     =9999.00000, intdiel =   1.00000

Frozen or restrained atoms:
     ibelly  =       0, ntr     =       0

Energy minimization:
     maxcyc  =       1, ncyc    =       0, ntmin   =       1
     dx0     =   0.01000, drms    =   0.00010
|  INFO: Old style inpcrd file read


--------------------------------------------------------------------------------
   3.  ATOMIC COORDINATES AND VELOCITIES
--------------------------------------------------------------------------------

default_name                                                                    
 begin time read from input coords =     0.000 ps

 Number of triangulated 3-point waters found:        0

     Sum of charges from parm topology file =  -9.00000020

--------------------------------------------------------------------------------
   4.  RESULTS
--------------------------------------------------------------------------------

 ---------------------------------------------------

     eedmeth=4: Setting switch to one everywhere

 ---------------------------------------------------
| Local SIZE OF NONBOND LIST =   18807088
| TOTAL SIZE OF NONBOND LIST =   18807088


   NSTEP       ENERGY          RMS            GMAX         NAME    NUMBER
      1      -4.7543E+02     4.0411E+01     2.0519E+03     HG2        57

 BOND    =     6944.2801  ANGLE   =     1673.0717  DIHED      =     4586.1902
 VDWAALS =    -2687.3920  EEL     =   -27280.6422  HBOND      =        0.0000
 1-4 VDW =     1962.0184  1-4 EEL =    14327.0476  RESTRAINT  =        0.0000


  Maximum number of minimization cycles reached.


                    FINAL RESULTS



   NSTEP       ENERGY          RMS            GMAX         NAME    NUMBER
      1      -4.7543E+02     4.0411E+01     2.0519E+03     HG2        57

 BOND    =     6944.2801  ANGLE   =     1673.0717  DIHED      =     4586.1902
 VDWAALS =    -2687.3920  EEL     =   -27280.6422  HBOND      =        0.0000
 1-4 VDW =     1962.0184  1-4 EEL =    14327.0476  RESTRAINT  =        0.0000

--------------------------------------------------------------------------------
   5.  TIMINGS
--------------------------------------------------------------------------------

|    Read coords time           0.00 ( 1.05% of Total)
|    Fast Water setup           0.00 ( 0.01% of Total)
|                Build the list             0.06 (99.69% of List )
|                Other                      0.00 ( 0.31% of List )
|             List time                  0.06 (23.10% of Nonbo)
|                   Short_ene time             0.19 (99.86% of Direc)
|                   Other                      0.00 ( 0.14% of Direc)
|                Direct Ewald time          0.19 (99.89% of Ewald)
|                Other                      0.00 ( 0.11% of Ewald)
|             Ewald time                 0.19 (76.90% of Nonbo)
|          Nonbond force              0.24 (98.87% of Force)
|          Bond/Angle/Dihedral        0.00 ( 0.95% of Force)
|          Other                      0.00 ( 0.19% of Force)
|       Force time                 0.24 (100.0% of Runmd)
|    Runmd Time                 0.24 (77.75% of Total)
|    Other                      0.07 (21.20% of Total)
| Total time                 0.31 (99.89% of ALL  )

| Number of list builds   :          1

| Highest rstack allocated:      30660
| Highest istack allocated:       6132
|           Job began  at 06:43:43.127  on 09/03/2026
|           Setup done at 06:43:43.190  on 09/03/2026
|           Run   done at 06:43:43.441  on 09/03/2026
|     wallclock() was called      58 times

|3D-RISM memory allocation summary
|Type          Maximum        Current   
|Integer       0.00000 GB     0.00000 GB
|Real          0.00000 GB     0.00000 GB
|Logical       0.00000 GB     0.00000 GB
|Character     0.00000 GB     0.00000 GB
|---------------------------------------
|Total         0.00000 GB     0.00000 GB
