OpenMM single-point energy
==========================================================================
OpenMM version         8.5.2.dev-36a30cb
Platform               Reference (double precision)
nonbondedMethod        NoCutoff
constraints            None
rigidWater             False
removeCMMotion         False
implicitSolvent        None
prmtop                 1efs_matched_bs0.prmtop
rst7                   1efs_matched_bs0.rst7
atoms                  818

Energies in kcal/mol
--------------------------------------------------------------------------
HarmonicAngleForce             220.565072517072
HarmonicBondForce              70.998777407442
NonbondedForce                 1638.443127841519
PeriodicTorsionForce           493.340295403450

NonbondedForce decomposition
--------------------------------------------------------------------------
OpenMM reports one combined non-bonded energy.  The system was
evaluated twice more, once with every charge set to zero and once
with every Lennard-Jones epsilon set to zero.

Lennard-Jones (charges zeroed) -219.296437098685
Coulomb (epsilons zeroed)      1857.739564940220
sum of the two                 1638.443127841534
NonbondedForce as built        1638.443127841519
difference                     1.546e-11

The last two lines must agree; the difference is printed so that a
reader can confirm it rather than take it on trust.
