
          -------------------------------------------------------
          Amber 24 SANDER                              2024
          -------------------------------------------------------

| Run on 08/05/2026 at 12:06:03

|   Executable path: sander
| Working directory: /private/tmp/mosaics-ffc/ff19run/sander
|          Hostname: Unknown
  [-O]verwriting output

File Assignments:
|  MDIN: sander_sp.in                                                          
| MDOUT: peptide_sander_sp.out                                                 
|INPCRD: peptide_ff19sb_matched.rst7                                           
|  PARM: peptide_ff19sb.prmtop                                                 
|RESTRT: x.rst7                                                                
|  REFC: refc                                                                  
| MDVEL: mdvel                                                                 
| MDFRC: mdfrc                                                                 
|  MDEN: mden                                                                  
| MDCRD: mdcrd                                                                 
|MDINFO: mdinfo                                                                
|  MTMD: mtmd                                                                  
|INPDIP: inpdip                                                                
|RSTDIP: rstdip                                                                
|INPTRA: inptraj                                                               


 Here is the input file:

single-point energy ACE-ALA-GLY-SER-VAL-NME ff19SB (vacuum, dielectric=1)      
 &cntrl                                                                        
  imin=1, maxcyc=0, ntb=0, cut=999.0, ntpr=1, dielc=1.0                        
 /                                                                             

--------------------------------------------------------------------------------
   1.  RESOURCE   USE: 
--------------------------------------------------------------------------------

| Flags:                                                                        
|    NONPERIODIC   ntb=0 and igb=0: Setting up nonperiodic simulation
|  *** cutoff > system size, list only builds once
|Largest sphere to fit in unit cell has radius =    32.751
| New format PARM file being parsed.
| Version =    1.000 Date = 08/05/26 Time = 11:56:59
 NATOM  =      56 NTYPES =       9 NBONH =      29 MBONA  =      26
 NTHETH =      63 MTHETA =      34 NPHIH =     121 MPHIA  =     102
 NHPARM =       0 NPARM  =       0 NNB   =     283 NRES   =       6
 NBONA  =      26 NTHETA =      34 NPHIA =     102 NUMBND =      18
 NUMANG =      38 NPTRA  =      36 NATYP =      12 NPHB   =       0
 IFBOX  =       0 NMXRS  =      16 IFCAP =       0 NEXTRA =       0
 NCOPY  =       0

| CMAP information read from topology file: 

|     Memory Use     Allocated
|     Real              708134
|     Hollerith            176
|     Integer            32106
|     Max Pairs           1540
|     nblistReal           672
|     nblist Int       1151535
|       Total            10167 kbytes

| Note: 1-4 EEL scale factors are being read from the topology file.

| Note: 1-4 VDW scale factors are being read from the topology file.
| Duplicated    0 dihedrals
| Duplicated    0 dihedrals
|CMAP: Reticulating splines.

--------------------------------------------------------------------------------
   2.  CONTROL  DATA  FOR  THE  RUN
--------------------------------------------------------------------------------

ACE                                                                             

General flags:
     imin    =       1, nmropt  =       0

Nature and format of input:
     ntx     =       1, irest   =       0, ntrx    =       1

Nature and format of output:
     ntxo    =       2, ntpr    =       1, ntrx    =       1, ntwr    =       1
     iwrap   =       0, ntwx    =       0, ntwv    =       0, ntwe    =       0
     ioutfm  =       1, ntwprt  =       0, idecomp =       0, rbornstat=      0

Potential function:
     ntf     =       1, ntb     =       0, igb     =       0, nsnb    =      25
     ipol    =       0, gbsa    =       0, iesp    =       0
     dielc   =   1.00000, cut     = 999.00000, intdiel =   1.00000

Frozen or restrained atoms:
     ibelly  =       0, ntr     =       0

Energy minimization:
     maxcyc  =       0, ncyc    =      10, ntmin   =       1
     dx0     =   0.01000, drms    =   0.00010
|  INFO: Old style inpcrd file read


--------------------------------------------------------------------------------
   3.  ATOMIC COORDINATES AND VELOCITIES
--------------------------------------------------------------------------------

                                                                                
 begin time read from input coords =     0.000 ps

 Number of triangulated 3-point waters found:        0

     Sum of charges from parm topology file =  -0.00000000
     Forcing neutrality...

--------------------------------------------------------------------------------
   4.  RESULTS
--------------------------------------------------------------------------------

 ---------------------------------------------------

     eedmeth=4: Setting switch to one everywhere

 ---------------------------------------------------
| Local SIZE OF NONBOND LIST =       1260
| TOTAL SIZE OF NONBOND LIST =       1260


   NSTEP       ENERGY          RMS            GMAX         NAME    NUMBER
      1       6.9247E+01     7.2543E+01     4.6972E+02     HG23       48

 BOND    =        0.1475  ANGLE   =        0.9873  DIHED      =        6.8855
 VDWAALS =      116.3145  EEL     =     -264.7822  HBOND      =        0.0000
 1-4 VDW =       18.1912  1-4 EEL =      193.4247  RESTRAINT  =        0.0000
 CMAP    =       -1.9212


  Maximum number of minimization cycles reached.


                    FINAL RESULTS



   NSTEP       ENERGY          RMS            GMAX         NAME    NUMBER
      1       6.9247E+01     7.2543E+01     4.6972E+02     HG23       48

 BOND    =        0.1475  ANGLE   =        0.9873  DIHED      =        6.8855
 VDWAALS =      116.3145  EEL     =     -264.7822  HBOND      =        0.0000
 1-4 VDW =       18.1912  1-4 EEL =      193.4247  RESTRAINT  =        0.0000
 CMAP    =       -1.9212

--------------------------------------------------------------------------------
   5.  TIMINGS
--------------------------------------------------------------------------------

|    Read coords time           0.00 ( 0.98% of Total)
|    Fast Water setup           0.00 ( 0.02% of Total)
|                Build the list             0.00 (53.11% of List )
|                Other                      0.00 (46.89% of List )
|             List time                  0.00 (48.81% of Nonbo)
|                   Short_ene time             0.00 (49.75% of Direc)
|                   Other                      0.00 (50.25% of Direc)
|                Direct Ewald time          0.00 (99.12% of Ewald)
|                Other                      0.00 ( 0.88% of Ewald)
|             Ewald time                 0.00 (51.19% of Nonbo)
|          Nonbond force              0.00 (46.04% of Force)
|          Bond/Angle/Dihedral        0.00 (31.71% of Force)
|          Other                      0.00 (22.25% of Force)
|       Force time                 0.00 (100.0% of Runmd)
|    Runmd Time                 0.00 ( 2.52% of Total)
|    Other                      0.04 (96.49% of Total)
| Total time                 0.04 (99.23% of ALL  )

| Number of list builds   :          1

| Highest rstack allocated:        240
| Highest istack allocated:         48
|           Job began  at 12:06:03.990  on 08/05/2026
|           Setup done at 12:06:04.024  on 08/05/2026
|           Run   done at 12:06:04.027  on 08/05/2026
|     wallclock() was called      58 times

|3D-RISM memory allocation summary
|Type          Maximum        Current   
|Integer       0.00000 GB     0.00000 GB
|Real          0.00000 GB     0.00000 GB
|Logical       0.00000 GB     0.00000 GB
|Character     0.00000 GB     0.00000 GB
|---------------------------------------
|Total         0.00000 GB     0.00000 GB
