
          -------------------------------------------------------
          Amber 24 SANDER                              2024
          -------------------------------------------------------

| Run on 08/25/2026 at 02:05:39

|   Executable path: sander
| Working directory: /Users/bright/Library/CloudStorage/OneDrive-Personal/Documents/MOSAICS_AllAtom_Paper/evidence-v2/ubiquitin/ff14sb/sander
|          Hostname: Unknown
  [-O]verwriting output

File Assignments:
|  MDIN: sander_sp.in                                                          
| MDOUT: ubiquitin_sander_sp.out                                               
|INPCRD: ../topology/ubiquitin_ff14sb_matched.rst7                             
|  PARM: ../topology/ubiquitin_ff14sb.prmtop                                   
|RESTRT: sander_sp.rst                                                         
|  REFC: refc                                                                  
| MDVEL: mdvel                                                                 
| MDFRC: mdfrc                                                                 
|  MDEN: mden                                                                  
| MDCRD: mdcrd                                                                 
|MDINFO: sander_sp.mdinfo                                                      
|  MTMD: mtmd                                                                  
|INPDIP: inpdip                                                                
|RSTDIP: rstdip                                                                
|INPTRA: inptraj                                                               


 Here is the input file:

single-point energy ubiquitin 1UBQ (vacuum, dielectric=1)                      
 &cntrl                                                                        
  imin=1, maxcyc=0, ntb=0, cut=999.0, ntpr=1, dielc=1.0                        
 /                                                                             

--------------------------------------------------------------------------------
   1.  RESOURCE   USE: 
--------------------------------------------------------------------------------

| Flags:                                                                        
|    NONPERIODIC   ntb=0 and igb=0: Setting up nonperiodic simulation
|  *** cutoff > system size, list only builds once
|Largest sphere to fit in unit cell has radius =    45.345
| New format PARM file being parsed.
| Version =    1.000 Date = 08/25/26 Time = 02:05:13
 NATOM  =    1231 NTYPES =      14 NBONH =     629 MBONA  =     608
 NTHETH =    1439 MTHETA =     818 NPHIH =    2860 MPHIA  =    2639
 NHPARM =       0 NPARM  =       0 NNB   =    6824 NRES   =      76
 NBONA  =     608 NTHETA =     818 NPHIA =    2639 NUMBND =      56
 NUMANG =     130 NPTRA  =     163 NATYP =      28 NPHB   =       0
 IFBOX  =       0 NMXRS  =      24 IFCAP =       0 NEXTRA =       0
 NCOPY  =       0


|     Memory Use     Allocated
|     Real              800189
|     Hollerith           3771
|     Integer           313048
|     Max Pairs         757065
|     nblistReal         14772
|     nblist Int       2789982
|       Total            21460 kbytes

| Note: 1-4 EEL scale factors are being read from the topology file.

| Note: 1-4 VDW scale factors are being read from the topology file.
| Duplicated    0 dihedrals
| Duplicated    0 dihedrals

--------------------------------------------------------------------------------
   2.  CONTROL  DATA  FOR  THE  RUN
--------------------------------------------------------------------------------

default_name                                                                    

General flags:
     imin    =       1, nmropt  =       0

Nature and format of input:
     ntx     =       1, irest   =       0, ntrx    =       1

Nature and format of output:
     ntxo    =       2, ntpr    =       1, ntrx    =       1, ntwr    =       1
     iwrap   =       0, ntwx    =       0, ntwv    =       0, ntwe    =       0
     ioutfm  =       1, ntwprt  =       0, idecomp =       0, rbornstat=      0

Potential function:
     ntf     =       1, ntb     =       0, igb     =       0, nsnb    =      25
     ipol    =       0, gbsa    =       0, iesp    =       0
     dielc   =   1.00000, cut     = 999.00000, intdiel =   1.00000

Frozen or restrained atoms:
     ibelly  =       0, ntr     =       0

Energy minimization:
     maxcyc  =       0, ncyc    =      10, ntmin   =       1
     dx0     =   0.01000, drms    =   0.00010
|  INFO: Old style inpcrd file read


--------------------------------------------------------------------------------
   3.  ATOMIC COORDINATES AND VELOCITIES
--------------------------------------------------------------------------------

                                                                                
 begin time read from input coords =     0.000 ps

 Number of triangulated 3-point waters found:        0

     Sum of charges from parm topology file =  -0.00000004
     Forcing neutrality...

--------------------------------------------------------------------------------
   4.  RESULTS
--------------------------------------------------------------------------------

 ---------------------------------------------------

     eedmeth=4: Setting switch to one everywhere

 ---------------------------------------------------
| Local SIZE OF NONBOND LIST =     750307
| TOTAL SIZE OF NONBOND LIST =     750307


   NSTEP       ENERGY          RMS            GMAX         NAME    NUMBER
      1      -5.4688E+02     1.0042E+02     2.9914E+03     O        1173

 BOND    =      125.6119  ANGLE   =      275.3649  DIHED      =      917.5863
 VDWAALS =      145.6325  EEL     =    -5505.9095  HBOND      =        0.0000
 1-4 VDW =      388.5133  1-4 EEL =     3106.3240  RESTRAINT  =        0.0000


  Maximum number of minimization cycles reached.


                    FINAL RESULTS



   NSTEP       ENERGY          RMS            GMAX         NAME    NUMBER
      1      -5.4688E+02     1.0042E+02     2.9914E+03     O        1173

 BOND    =      125.6119  ANGLE   =      275.3649  DIHED      =      917.5863
 VDWAALS =      145.6325  EEL     =    -5505.9095  HBOND      =        0.0000
 1-4 VDW =      388.5133  1-4 EEL =     3106.3240  RESTRAINT  =        0.0000

--------------------------------------------------------------------------------
   5.  TIMINGS
--------------------------------------------------------------------------------

|    Read coords time           0.00 ( 1.71% of Total)
|    Fast Water setup           0.00 ( 0.02% of Total)
|                Build the list             0.00 (98.69% of List )
|                Other                      0.00 ( 1.31% of List )
|             List time                  0.00 (36.78% of Nonbo)
|                   Short_ene time             0.01 (99.76% of Direc)
|                   Other                      0.00 ( 0.24% of Direc)
|                Direct Ewald time          0.01 (99.30% of Ewald)
|                Virial junk                0.00 ( 0.02% of Ewald)
|                Other                      0.00 ( 0.68% of Ewald)
|             Ewald time                 0.01 (63.22% of Nonbo)
|          Nonbond force              0.01 (93.43% of Force)
|          Bond/Angle/Dihedral        0.00 ( 4.55% of Force)
|          Other                      0.00 ( 2.03% of Force)
|       Force time                 0.01 (100.0% of Runmd)
|    Runmd Time                 0.01 (28.12% of Total)
|    Other                      0.03 (70.15% of Total)
| Total time                 0.04 (99.46% of ALL  )

| Number of list builds   :          1

| Highest rstack allocated:       6120
| Highest istack allocated:       1224
|           Job began  at 02:05:39.564  on 08/25/2026
|           Setup done at 02:05:39.590  on 08/25/2026
|           Run   done at 02:05:39.604  on 08/25/2026
|     wallclock() was called      58 times

|3D-RISM memory allocation summary
|Type          Maximum        Current   
|Integer       0.00000 GB     0.00000 GB
|Real          0.00000 GB     0.00000 GB
|Logical       0.00000 GB     0.00000 GB
|Character     0.00000 GB     0.00000 GB
|---------------------------------------
|Total         0.00000 GB     0.00000 GB
