-I: Adding /opt/homebrew/Caskroom/miniforge/base/envs/mosaics-ff-local/dat/leap/prep to search path.
-I: Adding /opt/homebrew/Caskroom/miniforge/base/envs/mosaics-ff-local/dat/leap/lib to search path.
-I: Adding /opt/homebrew/Caskroom/miniforge/base/envs/mosaics-ff-local/dat/leap/parm to search path.
-I: Adding /opt/homebrew/Caskroom/miniforge/base/envs/mosaics-ff-local/dat/leap/cmd to search path.
-f: Source build_bsc1.in.

Welcome to LEaP!
(no leaprc in search path)
Sourcing: ./build_bsc1.in
----- Source: /opt/homebrew/Caskroom/miniforge/base/envs/mosaics-ff-local/dat/leap/cmd/oldff/leaprc.ff99
----- Source of /opt/homebrew/Caskroom/miniforge/base/envs/mosaics-ff-local/dat/leap/cmd/oldff/leaprc.ff99 done
Log file: ./leap.log
Loading parameters: /opt/homebrew/Caskroom/miniforge/base/envs/mosaics-ff-local/dat/leap/parm/parm99.dat
Reading title:
PARM99 for DNA,RNA,AA, organic molecules, Polariz.& LP incl.02/04/99
Loading library: /opt/homebrew/Caskroom/miniforge/base/envs/mosaics-ff-local/dat/leap/lib/all_nucleic94.lib
Loading library: /opt/homebrew/Caskroom/miniforge/base/envs/mosaics-ff-local/dat/leap/lib/all_amino94.lib
Loading library: /opt/homebrew/Caskroom/miniforge/base/envs/mosaics-ff-local/dat/leap/lib/all_aminoct94.lib
Loading library: /opt/homebrew/Caskroom/miniforge/base/envs/mosaics-ff-local/dat/leap/lib/all_aminont94.lib
Loading library: /opt/homebrew/Caskroom/miniforge/base/envs/mosaics-ff-local/dat/leap/lib/ions94.lib
Loading library: /opt/homebrew/Caskroom/miniforge/base/envs/mosaics-ff-local/dat/leap/lib/solvents.lib
Loading parameters: /opt/homebrew/Caskroom/miniforge/base/envs/mosaics-ff-local/dat/leap/parm/frcmod.parmbsc0
Reading force field modification type file (frcmod)
Reading title:
modifies parm99 for nucleic acids: see http://mmb.pcb.ub.es/PARMBSC0/
Loading library: /opt/homebrew/Caskroom/miniforge/base/envs/mosaics-ff-local/dat/leap/lib/parmBSC1.lib
Loading parameters: /opt/homebrew/Caskroom/miniforge/base/envs/mosaics-ff-local/dat/leap/parm/frcmod.parmbsc1
Reading force field modification type file (frcmod)
Reading title:
Parmbsc1 force-field for DNA
Loading PDB file: ./1BNA_AB_ter.pdb
  total atoms in file: 486
  Leap added 272 missing atoms according to residue templates:
       272 H / lone pairs
Checking 'mol'....

/opt/homebrew/Caskroom/miniforge/base/envs/mosaics-ff-local/bin/teLeap: Warning!
The unperturbed charge of the unit (-22.000000) is not zero.
Checking parameters for unit 'mol'.
Checking for bond parameters.
Checking for angle parameters.
check:  Warnings: 1
Unit is OK.
Checking Unit.

/opt/homebrew/Caskroom/miniforge/base/envs/mosaics-ff-local/bin/teLeap: Warning!
The unperturbed charge of the unit (-22.000000) is not zero.

/opt/homebrew/Caskroom/miniforge/base/envs/mosaics-ff-local/bin/teLeap: Note.
Ignoring the warning from Unit Checking.

Building topology.
Building atom parameters.
Building bond parameters.
Building angle parameters.
Building proper torsion parameters.
Building improper torsion parameters.
 total 140 improper torsions applied
Building H-Bond parameters.
Incorporating Non-Bonded adjustments.
Not Marking per-residue atom chain types.
Marking per-residue atom chain types.
 (no restraints)
Writing pdb file: ddd_bsc1.pdb
	Quit

Exiting LEaP: Errors = 0; Warnings = 2; Notes = 1.
