
          -------------------------------------------------------
          Amber 24 SANDER                              2024
          -------------------------------------------------------

| Run on 09/05/2026 at 01:50:19

|   Executable path: /opt/homebrew/Caskroom/miniforge/base/envs/mosaics-ff-local/bin/sander
| Working directory: /Users/bright/Documents/MOSAICS/paper/evidence-v2/1f7y/ff19sb_ol3/sander
|          Hostname: Unknown
  [-O]verwriting output

File Assignments:
|  MDIN: sander_sp.in                                                          
| MDOUT: sander_sp.out                                                         
|INPCRD: ../topology/1f7y_ff19sb_ol3.rst7                                      
|  PARM: ../topology/1f7y_ff19sb_ol3.prmtop                                    
|RESTRT: x.rst7                                                                
|  REFC: refc                                                                  
| MDVEL: mdvel                                                                 
| MDFRC: mdfrc                                                                 
|  MDEN: mden                                                                  
| MDCRD: mdcrd                                                                 
|MDINFO: mdinfo                                                                
|  MTMD: mtmd                                                                  
|INPDIP: inpdip                                                                
|RSTDIP: rstdip                                                                
|INPTRA: inptraj                                                               


 Here is the input file:

single point                                                                   
&cntrl                                                                         
 imin=1, maxcyc=1, ncyc=0,                                                     
 ntb=0, igb=0, cut=9999.0, ntpr=1,                                             
/                                                                              

--------------------------------------------------------------------------------
   1.  RESOURCE   USE: 
--------------------------------------------------------------------------------

| Flags:                                                                        
|    NONPERIODIC   ntb=0 and igb=0: Setting up nonperiodic simulation
|  *** cutoff > system size, list only builds once
|Largest sphere to fit in unit cell has radius =    54.027
| New format PARM file being parsed.
| Version =    1.000 Date = 09/05/26 Time = 01:50:17
 NATOM  =    3321 NTYPES =      17 NBONH =    1378 MBONA  =    2097
 NTHETH =    3146 MTHETA =    3105 NPHIH =    6628 MPHIA  =    7173
 NHPARM =       0 NPARM  =       0 NNB   =   18462 NRES   =     143
 NBONA  =    2097 NTHETA =    3105 NPHIA =    7173 NUMBND =     102
 NUMANG =     242 NPTRA  =     210 NATYP =      41 NPHB   =       0
 IFBOX  =       0 NMXRS  =      34 IFCAP =       0 NEXTRA =       0
 NCOPY  =       0

| CMAP information read from topology file: 

|     Memory Use     Allocated
|     Real              964503
|     Hollerith          10108
|     Integer           769461
|     Max Pairs        5512860
|     nblistReal         39852
|     nblist Int       5202702
|       Total            52749 kbytes

| Note: 1-4 EEL scale factors are being read from the topology file.

| Note: 1-4 VDW scale factors are being read from the topology file.
| Duplicated    0 dihedrals
| Duplicated    0 dihedrals
|CMAP: Reticulating splines.

--------------------------------------------------------------------------------
   2.  CONTROL  DATA  FOR  THE  RUN
--------------------------------------------------------------------------------

default_name                                                                    

General flags:
     imin    =       1, nmropt  =       0

Nature and format of input:
     ntx     =       1, irest   =       0, ntrx    =       1

Nature and format of output:
     ntxo    =       2, ntpr    =       1, ntrx    =       1, ntwr    =       1
     iwrap   =       0, ntwx    =       0, ntwv    =       0, ntwe    =       0
     ioutfm  =       1, ntwprt  =       0, idecomp =       0, rbornstat=      0

Potential function:
     ntf     =       1, ntb     =       0, igb     =       0, nsnb    =      25
     ipol    =       0, gbsa    =       0, iesp    =       0
     dielc   =   1.00000, cut     =9999.00000, intdiel =   1.00000

Frozen or restrained atoms:
     ibelly  =       0, ntr     =       0

Energy minimization:
     maxcyc  =       1, ncyc    =       0, ntmin   =       1
     dx0     =   0.01000, drms    =   0.00010
|  INFO: Old style inpcrd file read


--------------------------------------------------------------------------------
   3.  ATOMIC COORDINATES AND VELOCITIES
--------------------------------------------------------------------------------

                                                                                
 begin time read from input coords =     0.000 ps

 Number of triangulated 3-point waters found:        0

     Sum of charges from parm topology file = -49.00000008

--------------------------------------------------------------------------------
   4.  RESULTS
--------------------------------------------------------------------------------

 ---------------------------------------------------

     eedmeth=4: Setting switch to one everywhere

 ---------------------------------------------------
| Local SIZE OF NONBOND LIST =    5494560
| TOTAL SIZE OF NONBOND LIST =    5494560


   NSTEP       ENERGY          RMS            GMAX         NAME    NUMBER
      1       1.3685E+04     3.7117E+02     1.6541E+04     H5''      886

 BOND    =      228.6963  ANGLE   =     2324.6083  DIHED      =     1687.4544
 VDWAALS =     3391.9829  EEL     =     9309.1685  HBOND      =        0.0000
 1-4 VDW =     1529.6682  1-4 EEL =    -4901.8511  RESTRAINT  =        0.0000
 CMAP    =      115.4730


  Maximum number of minimization cycles reached.


                    FINAL RESULTS



   NSTEP       ENERGY          RMS            GMAX         NAME    NUMBER
      1       1.3685E+04     3.7117E+02     1.6541E+04     H5''      886

 BOND    =      228.6963  ANGLE   =     2324.6083  DIHED      =     1687.4544
 VDWAALS =     3391.9829  EEL     =     9309.1685  HBOND      =        0.0000
 1-4 VDW =     1529.6682  1-4 EEL =    -4901.8511  RESTRAINT  =        0.0000
 CMAP    =      115.4730

--------------------------------------------------------------------------------
   5.  TIMINGS
--------------------------------------------------------------------------------

|    Read coords time           0.00 ( 1.26% of Total)
|    Fast Water setup           0.00 ( 0.01% of Total)
|                Build the list             0.02 (99.04% of List )
|                Other                      0.00 ( 0.96% of List )
|             List time                  0.02 (28.01% of Nonbo)
|                   Short_ene time             0.05 (99.33% of Direc)
|                   Other                      0.00 ( 0.67% of Direc)
|                Direct Ewald time          0.05 (99.78% of Ewald)
|                Other                      0.00 ( 0.22% of Ewald)
|             Ewald time                 0.05 (71.98% of Nonbo)
|          Nonbond force              0.07 (97.52% of Force)
|          Bond/Angle/Dihedral        0.00 ( 2.30% of Force)
|          Other                      0.00 ( 0.18% of Force)
|       Force time                 0.07 (100.0% of Runmd)
|    Runmd Time                 0.07 (61.43% of Total)
|    Other                      0.05 (37.29% of Total)
| Total time                 0.12 (99.87% of ALL  )

| Number of list builds   :          1

| Highest rstack allocated:      16550
| Highest istack allocated:       3310
|           Job began  at 01:50:19.030  on 09/05/2026
|           Setup done at 01:50:19.074  on 09/05/2026
|           Run   done at 01:50:19.153  on 09/05/2026
|     wallclock() was called      58 times

|3D-RISM memory allocation summary
|Type          Maximum        Current   
|Integer       0.00000 GB     0.00000 GB
|Real          0.00000 GB     0.00000 GB
|Logical       0.00000 GB     0.00000 GB
|Character     0.00000 GB     0.00000 GB
|---------------------------------------
|Total         0.00000 GB     0.00000 GB
