
          -------------------------------------------------------
          Amber 24 SANDER                              2024
          -------------------------------------------------------

| Run on 08/25/2026 at 02:04:55

|   Executable path: sander
| Working directory: /Users/bright/Library/CloudStorage/OneDrive-Personal/Documents/MOSAICS_AllAtom_Paper/evidence-v2/bpti/ff14sb/sander
|          Hostname: Unknown
  [-O]verwriting output

File Assignments:
|  MDIN: sander_sp.in                                                          
| MDOUT: bpti_sander_sp.out                                                    
|INPCRD: bpti_ff14sb_matched.rst7                                              
|  PARM: bpti_ff14sb.prmtop                                                    
|RESTRT: /tmp/x_ff14sb.rst7                                                    
|  REFC: refc                                                                  
| MDVEL: mdvel                                                                 
| MDFRC: mdfrc                                                                 
|  MDEN: mden                                                                  
| MDCRD: mdcrd                                                                 
|MDINFO: mdinfo                                                                
|  MTMD: mtmd                                                                  
|INPDIP: inpdip                                                                
|RSTDIP: rstdip                                                                
|INPTRA: inptraj                                                               


 Here is the input file:

single-point energy BPTI 5PTI, 58 residues, 3 disulfides (vacuum, dielectric=1)
 &cntrl                                                                        
  imin=1, maxcyc=0, ntb=0, cut=999.0, ntpr=1, dielc=1.0                        
 /                                                                             

--------------------------------------------------------------------------------
   1.  RESOURCE   USE: 
--------------------------------------------------------------------------------

| Flags:                                                                        
|    NONPERIODIC   ntb=0 and igb=0: Setting up nonperiodic simulation
|  *** cutoff > system size, list only builds once
|Largest sphere to fit in unit cell has radius =    42.778
| New format PARM file being parsed.
| Version =    1.000 Date = 08/25/26 Time = 02:04:31
 NATOM  =     892 NTYPES =      12 NBONH =     438 MBONA  =     468
 NTHETH =     996 MTHETA =     630 NPHIH =    2075 MPHIA  =    1915
 NHPARM =       0 NPARM  =       0 NNB   =    4916 NRES   =      58
 NBONA  =     468 NTHETA =     630 NPHIA =    1915 NUMBND =      48
 NUMANG =     117 NPTRA  =     163 NATYP =      21 NPHB   =       0
 IFBOX  =       0 NMXRS  =      26 IFCAP =       0 NEXTRA =       0
 NCOPY  =       0


|     Memory Use     Allocated
|     Real              773727
|     Hollerith           2736
|     Integer           232413
|     Max Pairs         397386
|     nblistReal         10704
|     nblist Int       2431154
|       Total            18095 kbytes

| Note: 1-4 EEL scale factors are being read from the topology file.

| Note: 1-4 VDW scale factors are being read from the topology file.
| Duplicated    0 dihedrals
| Duplicated    0 dihedrals

--------------------------------------------------------------------------------
   2.  CONTROL  DATA  FOR  THE  RUN
--------------------------------------------------------------------------------

default_name                                                                    

General flags:
     imin    =       1, nmropt  =       0

Nature and format of input:
     ntx     =       1, irest   =       0, ntrx    =       1

Nature and format of output:
     ntxo    =       2, ntpr    =       1, ntrx    =       1, ntwr    =       1
     iwrap   =       0, ntwx    =       0, ntwv    =       0, ntwe    =       0
     ioutfm  =       1, ntwprt  =       0, idecomp =       0, rbornstat=      0

Potential function:
     ntf     =       1, ntb     =       0, igb     =       0, nsnb    =      25
     ipol    =       0, gbsa    =       0, iesp    =       0
     dielc   =   1.00000, cut     = 999.00000, intdiel =   1.00000

Frozen or restrained atoms:
     ibelly  =       0, ntr     =       0

Energy minimization:
     maxcyc  =       0, ncyc    =      10, ntmin   =       1
     dx0     =   0.01000, drms    =   0.00010
|  INFO: Old style inpcrd file read


--------------------------------------------------------------------------------
   3.  ATOMIC COORDINATES AND VELOCITIES
--------------------------------------------------------------------------------

                                                                                
 begin time read from input coords =     0.000 ps

 Number of triangulated 3-point waters found:        0

     Sum of charges from parm topology file =   5.99999997

--------------------------------------------------------------------------------
   4.  RESULTS
--------------------------------------------------------------------------------

 ---------------------------------------------------

     eedmeth=4: Setting switch to one everywhere

 ---------------------------------------------------
| Local SIZE OF NONBOND LIST =     392507
| TOTAL SIZE OF NONBOND LIST =     392507


   NSTEP       ENERGY          RMS            GMAX         NAME    NUMBER
      1      -3.3226E+02     1.9811E+01     2.8613E+02     HA          6

 BOND    =      112.0681  ANGLE   =      389.2246  DIHED      =      628.4011
 VDWAALS =     -340.8812  EEL     =    -3319.4552  HBOND      =        0.0000
 1-4 VDW =      293.9387  1-4 EEL =     1904.4411  RESTRAINT  =        0.0000


  Maximum number of minimization cycles reached.


                    FINAL RESULTS



   NSTEP       ENERGY          RMS            GMAX         NAME    NUMBER
      1      -3.3226E+02     1.9811E+01     2.8613E+02     HA          6

 BOND    =      112.0681  ANGLE   =      389.2246  DIHED      =      628.4011
 VDWAALS =     -340.8812  EEL     =    -3319.4552  HBOND      =        0.0000
 1-4 VDW =      293.9387  1-4 EEL =     1904.4411  RESTRAINT  =        0.0000

--------------------------------------------------------------------------------
   5.  TIMINGS
--------------------------------------------------------------------------------

|    Read coords time           0.00 ( 1.31% of Total)
|    Fast Water setup           0.00 ( 0.01% of Total)
|                Build the list             0.00 (98.30% of List )
|                Other                      0.00 ( 1.70% of List )
|             List time                  0.00 (37.59% of Nonbo)
|                   Short_ene time             0.00 (99.50% of Direc)
|                   Other                      0.00 ( 0.50% of Direc)
|                Direct Ewald time          0.00 (99.09% of Ewald)
|                Virial junk                0.00 ( 0.03% of Ewald)
|                Other                      0.00 ( 0.89% of Ewald)
|             Ewald time                 0.00 (62.41% of Nonbo)
|          Nonbond force              0.01 (85.39% of Force)
|          Bond/Angle/Dihedral        0.00 (12.02% of Force)
|          Other                      0.00 ( 2.60% of Force)
|       Force time                 0.01 (100.0% of Runmd)
|    Runmd Time                 0.01 (13.57% of Total)
|    Other                      0.04 (85.11% of Total)
| Total time                 0.05 (99.17% of ALL  )

| Number of list builds   :          1

| Highest rstack allocated:       4425
| Highest istack allocated:        885
|           Job began  at 02:04:55.821  on 08/25/2026
|           Setup done at 02:04:55.862  on 08/25/2026
|           Run   done at 02:04:55.871  on 08/25/2026
|     wallclock() was called      58 times

|3D-RISM memory allocation summary
|Type          Maximum        Current   
|Integer       0.00000 GB     0.00000 GB
|Real          0.00000 GB     0.00000 GB
|Logical       0.00000 GB     0.00000 GB
|Character     0.00000 GB     0.00000 GB
|---------------------------------------
|Total         0.00000 GB     0.00000 GB
