
          -------------------------------------------------------
          Amber 24 SANDER                              2024
          -------------------------------------------------------

| Run on 09/04/2026 at 02:30:51

|   Executable path: /opt/homebrew/Caskroom/miniforge/base/envs/mosaics-ff-local/bin/sander
| Working directory: /Users/bright/Documents/MOSAICS/work/preprint-I/systems/builds/dna_acgt/ol15
|          Hostname: Unknown
  [-O]verwriting output

File Assignments:
|  MDIN: sander_sp.in                                                          
| MDOUT: sander_sp.out                                                         
|INPCRD: dna_acgt_ol15.rst7                                                    
|  PARM: dna_acgt_ol15.prmtop                                                  
|RESTRT: sander.rst                                                            
|  REFC: refc                                                                  
| MDVEL: mdvel                                                                 
| MDFRC: mdfrc                                                                 
|  MDEN: mden                                                                  
| MDCRD: mdcrd                                                                 
|MDINFO: mdinfo                                                                
|  MTMD: mtmd                                                                  
|INPDIP: inpdip                                                                
|RSTDIP: rstdip                                                                
|INPTRA: inptraj                                                               


 Here is the input file:

single point                                                                   
&cntrl                                                                         
 imin=1, maxcyc=1, ncyc=0,                                                     
 ntb=0, igb=0, cut=9999.0, ntpr=1,                                             
/                                                                              

--------------------------------------------------------------------------------
   1.  RESOURCE   USE: 
--------------------------------------------------------------------------------

| Flags:                                                                        
|    NONPERIODIC   ntb=0 and igb=0: Setting up nonperiodic simulation
|  *** cutoff > system size, list only builds once
|Largest sphere to fit in unit cell has radius =    37.379
| New format PARM file being parsed.
| Version =    1.000 Date = 09/04/26 Time = 02:30:51
 NATOM  =     126 NTYPES =      15 NBONH =      47 MBONA  =      88
 NTHETH =     109 MTHETA =     134 NPHIH =     236 MPHIA  =     280
 NHPARM =       0 NPARM  =       0 NNB   =     695 NRES   =       4
 NBONA  =      88 NTHETA =     134 NPHIA =     280 NUMBND =      50
 NUMANG =     103 NPTRA  =      71 NATYP =      29 NPHB   =       0
 IFBOX  =       0 NMXRS  =      33 IFCAP =       0 NEXTRA =       0
 NCOPY  =       0


|     Memory Use     Allocated
|     Real              713805
|     Hollerith            384
|     Integer            48345
|     Max Pairs           7875
|     nblistReal          1512
|     nblist Int       1489952
|       Total            11629 kbytes

| Note: 1-4 EEL scale factors are being read from the topology file.

| Note: 1-4 VDW scale factors are being read from the topology file.
| Duplicated    0 dihedrals
| Duplicated    0 dihedrals

--------------------------------------------------------------------------------
   2.  CONTROL  DATA  FOR  THE  RUN
--------------------------------------------------------------------------------

default_name                                                                    

General flags:
     imin    =       1, nmropt  =       0

Nature and format of input:
     ntx     =       1, irest   =       0, ntrx    =       1

Nature and format of output:
     ntxo    =       2, ntpr    =       1, ntrx    =       1, ntwr    =       1
     iwrap   =       0, ntwx    =       0, ntwv    =       0, ntwe    =       0
     ioutfm  =       1, ntwprt  =       0, idecomp =       0, rbornstat=      0

Potential function:
     ntf     =       1, ntb     =       0, igb     =       0, nsnb    =      25
     ipol    =       0, gbsa    =       0, iesp    =       0
     dielc   =   1.00000, cut     =9999.00000, intdiel =   1.00000

Frozen or restrained atoms:
     ibelly  =       0, ntr     =       0

Energy minimization:
     maxcyc  =       1, ncyc    =       0, ntmin   =       1
     dx0     =   0.01000, drms    =   0.00010
|  INFO: Old style inpcrd file read


--------------------------------------------------------------------------------
   3.  ATOMIC COORDINATES AND VELOCITIES
--------------------------------------------------------------------------------

default_name                                                                    
 begin time read from input coords =     0.000 ps

 Number of triangulated 3-point waters found:        0

     Sum of charges from parm topology file =  -2.99999998

--------------------------------------------------------------------------------
   4.  RESULTS
--------------------------------------------------------------------------------

 ---------------------------------------------------

     eedmeth=4: Setting switch to one everywhere

 ---------------------------------------------------
| Local SIZE OF NONBOND LIST =       7183
| TOTAL SIZE OF NONBOND LIST =       7183


   NSTEP       ENERGY          RMS            GMAX         NAME    NUMBER
      1       9.4569E+02     2.5287E+02     2.7367E+03     H5'        36

 BOND    =       10.4434  ANGLE   =      508.6187  DIHED      =      104.7608
 VDWAALS =      174.9544  EEL     =      -23.8556  HBOND      =        0.0000
 1-4 VDW =      578.0547  1-4 EEL =     -407.2901  RESTRAINT  =        0.0000


  Maximum number of minimization cycles reached.


                    FINAL RESULTS



   NSTEP       ENERGY          RMS            GMAX         NAME    NUMBER
      1       9.4569E+02     2.5287E+02     2.7367E+03     H5'        36

 BOND    =       10.4434  ANGLE   =      508.6187  DIHED      =      104.7608
 VDWAALS =      174.9544  EEL     =      -23.8556  HBOND      =        0.0000
 1-4 VDW =      578.0547  1-4 EEL =     -407.2901  RESTRAINT  =        0.0000

--------------------------------------------------------------------------------
   5.  TIMINGS
--------------------------------------------------------------------------------

|    Read coords time           0.00 ( 0.75% of Total)
|                Build the list             0.00 (95.31% of List )
|                Other                      0.00 ( 4.69% of List )
|             List time                  0.00 (39.39% of Nonbo)
|                   Short_ene time             0.00 (62.81% of Direc)
|                   Other                      0.00 (37.19% of Direc)
|                Direct Ewald time          0.00 (98.58% of Ewald)
|                Other                      0.00 ( 1.42% of Ewald)
|             Ewald time                 0.00 (60.61% of Nonbo)
|          Nonbond force              0.00 (64.16% of Force)
|          Bond/Angle/Dihedral        0.00 (10.89% of Force)
|          Other                      0.00 (24.95% of Force)
|       Force time                 0.00 (100.0% of Runmd)
|    Runmd Time                 0.00 ( 2.10% of Total)
|    Other                      0.04 (97.14% of Total)
| Total time                 0.04 (98.93% of ALL  )

| Number of list builds   :          1

| Highest rstack allocated:        590
| Highest istack allocated:        118
|           Job began  at 02:30:51.777  on 09/04/2026
|           Setup done at 02:30:51.818  on 09/04/2026
|           Run   done at 02:30:51.822  on 09/04/2026
|     wallclock() was called      58 times

|3D-RISM memory allocation summary
|Type          Maximum        Current   
|Integer       0.00000 GB     0.00000 GB
|Real          0.00000 GB     0.00000 GB
|Logical       0.00000 GB     0.00000 GB
|Character     0.00000 GB     0.00000 GB
|---------------------------------------
|Total         0.00000 GB     0.00000 GB
