
          -------------------------------------------------------
          Amber 24 SANDER                              2024
          -------------------------------------------------------

| Run on 09/05/2026 at 00:23:36

|   Executable path: /opt/homebrew/Caskroom/miniforge/base/envs/mosaics-ff-local/bin/sander
| Working directory: /Users/bright/Documents/MOSAICS/paper/evidence-v2/tax9/ff14sb/sander
|          Hostname: Unknown
  [-O]verwriting output

File Assignments:
|  MDIN: sander_sp.in                                                          
| MDOUT: sander_sp.out                                                         
|INPCRD: ../topology/tax9_ff14sb.rst7                                          
|  PARM: ../topology/tax9_ff14sb.prmtop                                        
|RESTRT: s.rst                                                                 
|  REFC: refc                                                                  
| MDVEL: mdvel                                                                 
| MDFRC: mdfrc                                                                 
|  MDEN: mden                                                                  
| MDCRD: mdcrd                                                                 
|MDINFO: mdinfo                                                                
|  MTMD: mtmd                                                                  
|INPDIP: inpdip                                                                
|RSTDIP: rstdip                                                                
|INPTRA: inptraj                                                               


 Here is the input file:

single point                                                                   
 &cntrl                                                                        
  imin=1, maxcyc=1, ncyc=0, ntb=0,                                             
  igb=0, cut=9999.0, ntpr=1, ntxo=1,                                           
 /                                                                             

--------------------------------------------------------------------------------
   1.  RESOURCE   USE: 
--------------------------------------------------------------------------------

| Flags:                                                                        
|    NONPERIODIC   ntb=0 and igb=0: Setting up nonperiodic simulation
|  *** cutoff > system size, list only builds once
|Largest sphere to fit in unit cell has radius =    35.490
| New format PARM file being parsed.
| Version =    1.000 Date = 09/05/26 Time = 00:23:36
 NATOM  =     165 NTYPES =      10 NBONH =      84 MBONA  =      84
 NTHETH =     187 MTHETA =     115 NPHIH =     372 MPHIA  =     344
 NHPARM =       0 NPARM  =       0 NNB   =     904 NRES   =      11
 NBONA  =      84 NTHETA =     115 NPHIA =     344 NUMBND =      24
 NUMANG =      55 NPTRA  =      58 NATYP =      14 NPHB   =       0
 IFBOX  =       0 NMXRS  =      21 IFCAP =       0 NEXTRA =       0
 NCOPY  =       0


|     Memory Use     Allocated
|     Real              716824
|     Hollerith            508
|     Integer            58440
|     Max Pairs          13530
|     nblistReal          1980
|     nblist Int       1602490
|       Total            12158 kbytes

| Note: 1-4 EEL scale factors are being read from the topology file.

| Note: 1-4 VDW scale factors are being read from the topology file.
| Duplicated    0 dihedrals
| Duplicated    0 dihedrals

--------------------------------------------------------------------------------
   2.  CONTROL  DATA  FOR  THE  RUN
--------------------------------------------------------------------------------

default_name                                                                    

General flags:
     imin    =       1, nmropt  =       0

Nature and format of input:
     ntx     =       1, irest   =       0, ntrx    =       1

Nature and format of output:
     ntxo    =       1, ntpr    =       1, ntrx    =       1, ntwr    =       1
     iwrap   =       0, ntwx    =       0, ntwv    =       0, ntwe    =       0
     ioutfm  =       1, ntwprt  =       0, idecomp =       0, rbornstat=      0

Potential function:
     ntf     =       1, ntb     =       0, igb     =       0, nsnb    =      25
     ipol    =       0, gbsa    =       0, iesp    =       0
     dielc   =   1.00000, cut     =9999.00000, intdiel =   1.00000

Frozen or restrained atoms:
     ibelly  =       0, ntr     =       0

Energy minimization:
     maxcyc  =       1, ncyc    =       0, ntmin   =       1
     dx0     =   0.01000, drms    =   0.00010
|  INFO: Old style inpcrd file read


--------------------------------------------------------------------------------
   3.  ATOMIC COORDINATES AND VELOCITIES
--------------------------------------------------------------------------------

default_name                                                                    
 begin time read from input coords =     0.000 ps

 Number of triangulated 3-point waters found:        0

     Sum of charges from parm topology file =  -0.00000001
     Forcing neutrality...

--------------------------------------------------------------------------------
   4.  RESULTS
--------------------------------------------------------------------------------

 ---------------------------------------------------

     eedmeth=4: Setting switch to one everywhere

 ---------------------------------------------------
| Local SIZE OF NONBOND LIST =      12634
| TOTAL SIZE OF NONBOND LIST =      12634


   NSTEP       ENERGY          RMS            GMAX         NAME    NUMBER
      1      -2.3353E+01     7.8813E+00     4.2123E+01     CZ         84

 BOND    =        5.2338  ANGLE   =       23.4279  DIHED      =       95.9036
 VDWAALS =      -29.5456  EEL     =     -621.2278  HBOND      =        0.0000
 1-4 VDW =       49.7820  1-4 EEL =      453.0735  RESTRAINT  =        0.0000


  Maximum number of minimization cycles reached.


                    FINAL RESULTS



   NSTEP       ENERGY          RMS            GMAX         NAME    NUMBER
      1      -2.3353E+01     7.8813E+00     4.2123E+01     CZ         84

 BOND    =        5.2338  ANGLE   =       23.4279  DIHED      =       95.9036
 VDWAALS =      -29.5456  EEL     =     -621.2278  HBOND      =        0.0000
 1-4 VDW =       49.7820  1-4 EEL =      453.0735  RESTRAINT  =        0.0000

--------------------------------------------------------------------------------
   5.  TIMINGS
--------------------------------------------------------------------------------

|    Read coords time           0.00 ( 1.17% of Total)
|    Fast Water setup           0.00 ( 0.01% of Total)
|                Build the list             0.00 (94.91% of List )
|                Other                      0.00 ( 5.09% of List )
|             List time                  0.00 (66.14% of Nonbo)
|                   Short_ene time             0.00 (92.92% of Direc)
|                   Other                      0.00 ( 7.08% of Direc)
|                Direct Ewald time          0.00 (95.92% of Ewald)
|                Other                      0.00 ( 4.08% of Ewald)
|             Ewald time                 0.00 (33.43% of Nonbo)
|             IPS excludes               0.00 ( 0.21% of Nonbo)
|             Other                      0.00 ( 0.21% of Nonbo)
|          Nonbond force              0.00 (56.11% of Force)
|          Bond/Angle/Dihedral        0.00 ( 9.93% of Force)
|          Other                      0.00 (33.96% of Force)
|       Force time                 0.00 (100.0% of Runmd)
|    Runmd Time                 0.00 ( 2.57% of Total)
|    Other                      0.03 (96.25% of Total)
| Total time                 0.03 (99.06% of ALL  )

| Number of list builds   :          1

| Highest rstack allocated:        785
| Highest istack allocated:        157
|           Job began  at 00:23:36.685  on 09/05/2026
|           Setup done at 00:23:36.715  on 09/05/2026
|           Run   done at 00:23:36.717  on 09/05/2026
|     wallclock() was called      58 times

|3D-RISM memory allocation summary
|Type          Maximum        Current   
|Integer       0.00000 GB     0.00000 GB
|Real          0.00000 GB     0.00000 GB
|Logical       0.00000 GB     0.00000 GB
|Character     0.00000 GB     0.00000 GB
|---------------------------------------
|Total         0.00000 GB     0.00000 GB
