OpenMM single-point energy
==========================================================================
OpenMM version         8.5.2
Platform               Reference (double precision)
nonbondedMethod        NoCutoff
constraints            None
rigidWater             False
removeCMMotion         False
implicitSolvent        None
prmtop                 ddd_bsc1.prmtop
rst7                   ddd_bsc1.rst7
atoms                  758

Energies in kcal/mol
--------------------------------------------------------------------------
HarmonicAngleForce             907.212741738166
HarmonicBondForce              94.352423688309
NonbondedForce                 569.801832983005
PeriodicTorsionForce           548.006954222168

NonbondedForce decomposition
--------------------------------------------------------------------------
OpenMM reports one combined non-bonded energy.  The system was
evaluated twice more, once with every charge set to zero and once
with every Lennard-Jones epsilon set to zero.

Lennard-Jones (charges zeroed) -99.667030636992
Coulomb (epsilons zeroed)      669.468863619880
sum of the two                 569.801832982888
NonbondedForce as built        569.801832983005
difference                     1.176e-10

The last two lines must agree; the difference is printed so that a
reader can confirm it rather than take it on trust.
