###################################################################################
#   Copyright (c) 2007 Peter Minary.        ~---------------------------------~   #
#   All Rights Reserved.                    |     |              /    /    / ~|   #
#      __           ~-           __         |    \|/     _      /         / ~ |   #
#     /^^\     M   -  ~   M     /^^\        |   \_|_/  ((|))   /  M /  _ / ~ ~|   #
#    /^^^^\   O   -    ~   O   /^^^^\       |  \__|__/ ((|))  /      ((|))~ ~ |   #
#     |  |     S   -  ~   S     |  |        |     |      |   /  O /  ((|)) ~ ~|   #
#     |  |      A   ~-   A      |  |        |  _     _   |  /         /|~ ~ ~ |   #
#     |  |     I   ~  -   I     |  |        | {|}  ((|)) | /  S /  _ /~| ~_~ ~|   #
#    _|__|_   C   ~    -   C   _|__|_       |{{|}} ((|))  /      ((|)) |~{|}~ |   #
#              S   ~  -   S                 |  |     |   /  A /  ((|))~ {{|}}~|   #
#   --------------- -~ ----------------     |    _   |  /         /| ~ ~ ~| ~ |   #
#    Methodologies for Optimization and     |  ((|)) | /  I /  _ / |~ ~ ~| ~ ~|   #
#    SAmpling In Computational Studies      |  ((|))  /      ((|)) | ~  \|/ ~ |   #
#   -----------------------------------     |    |   /  C /  ((|))~ ~  \_|_/ ~|   #
#                                           |    |  /         /| ~ ~  \__|__/~|   #
#          >>  version.3.9.1  <<            |    | /  S /    /~|~ ~ ~ ~ ~| ~ ~|   #
#                                           |     /         /~ | ~ ~ ~ ~ ~ ~ ~|   #
#                                           ~---------------------------------~   #
###################################################################################


===================================================================================
Reading simulation input file mcmc_bs0_vac.input
-----------------------------------------------------------------------------------
-----------------------------------------------------------------------------------
Completed reading file mcmc_bs0_vac.input
===================================================================================


===================================================================================
Reading potential database files 
-----------------------------------------------------------------------------------
----------------------------------------------
Reading in database from file ../../params/db_bs0/mosaics_amber99-bs0.bond
...
Database reading done, total 175 entries read.
----------------------------------------------
----------------------------------------------
Reading in database from file ../../params/db_bs0/mosaics_amber99-bs0.bend
...
Database reading done, total 567 entries read.
----------------------------------------------
----------------------------------------------
Reading in database from file ../../params/db_bs0/mosaics_amber99-bs0.tors_and_impr
...
@@@@@@@@@@@@@@@@@@@@@@@@_error_@@@@@@@@@@@@@@@@@@@@@@@@@
Key word mol_type unknown in database line:
~torsion_parm
@@@@@@@@@@@@@@@@@@@@@@@@_error_@@@@@@@@@@@@@@@@@@@@@@@@@
