
          -------------------------------------------------------
          Amber 24 SANDER                              2024
          -------------------------------------------------------

| Run on 09/04/2026 at 02:31:22

|   Executable path: /opt/homebrew/Caskroom/miniforge/base/envs/mosaics-ff-local/bin/sander
| Working directory: /Users/bright/Documents/MOSAICS/work/preprint-I/systems/builds/1hhk/ff19sb
|          Hostname: Unknown
  [-O]verwriting output

File Assignments:
|  MDIN: sander_sp.in                                                          
| MDOUT: sander_sp.out                                                         
|INPCRD: 1hhk_ff19sb.rst7                                                      
|  PARM: 1hhk_ff19sb.prmtop                                                    
|RESTRT: s.rst                                                                 
|  REFC: refc                                                                  
| MDVEL: mdvel                                                                 
| MDFRC: mdfrc                                                                 
|  MDEN: mden                                                                  
| MDCRD: mdcrd                                                                 
|MDINFO: mdinfo                                                                
|  MTMD: mtmd                                                                  
|INPDIP: inpdip                                                                
|RSTDIP: rstdip                                                                
|INPTRA: inptraj                                                               


 Here is the input file:

single point                                                                   
&cntrl                                                                         
 imin=1, maxcyc=1, ncyc=0,                                                     
 ntb=0, igb=0, cut=9999.0, ntpr=1,                                             
/                                                                              

--------------------------------------------------------------------------------
   1.  RESOURCE   USE: 
--------------------------------------------------------------------------------

| Flags:                                                                        
|    NONPERIODIC   ntb=0 and igb=0: Setting up nonperiodic simulation
|  *** cutoff > system size, list only builds once
|Largest sphere to fit in unit cell has radius =    57.514
| New format PARM file being parsed.
| Version =    1.000 Date = 09/04/26 Time = 02:31:21
 NATOM  =    6139 NTYPES =      14 NBONH =    2978 MBONA  =    3255
 NTHETH =    6754 MTHETA =    4419 NPHIH =   14100 MPHIA  =   13673
 NHPARM =       0 NPARM  =       0 NNB   =   33817 NRES   =     384
 NBONA  =    3255 NTHETA =    4419 NPHIA =   13673 NUMBND =      73
 NUMANG =     179 NPTRA  =     204 NATYP =      33 NPHB   =       0
 IFBOX  =       0 NMXRS  =      24 IFCAP =       0 NEXTRA =       0
 NCOPY  =       0

| CMAP information read from topology file: 

|     Memory Use     Allocated
|     Real             1184014
|     Hollerith          18803
|     Integer          1493672
|     Max Pairs       18840591
|     nblistReal         73668
|     nblist Int       6151399
|       Total           113358 kbytes

| Note: 1-4 EEL scale factors are being read from the topology file.

| Note: 1-4 VDW scale factors are being read from the topology file.
| Duplicated    0 dihedrals
| Duplicated    0 dihedrals
|CMAP: Reticulating splines.

--------------------------------------------------------------------------------
   2.  CONTROL  DATA  FOR  THE  RUN
--------------------------------------------------------------------------------

default_name                                                                    

General flags:
     imin    =       1, nmropt  =       0

Nature and format of input:
     ntx     =       1, irest   =       0, ntrx    =       1

Nature and format of output:
     ntxo    =       2, ntpr    =       1, ntrx    =       1, ntwr    =       1
     iwrap   =       0, ntwx    =       0, ntwv    =       0, ntwe    =       0
     ioutfm  =       1, ntwprt  =       0, idecomp =       0, rbornstat=      0

Potential function:
     ntf     =       1, ntb     =       0, igb     =       0, nsnb    =      25
     ipol    =       0, gbsa    =       0, iesp    =       0
     dielc   =   1.00000, cut     =9999.00000, intdiel =   1.00000

Frozen or restrained atoms:
     ibelly  =       0, ntr     =       0

Energy minimization:
     maxcyc  =       1, ncyc    =       0, ntmin   =       1
     dx0     =   0.01000, drms    =   0.00010
|  INFO: Old style inpcrd file read


--------------------------------------------------------------------------------
   3.  ATOMIC COORDINATES AND VELOCITIES
--------------------------------------------------------------------------------

default_name                                                                    
 begin time read from input coords =     0.000 ps

 Number of triangulated 3-point waters found:        0

     Sum of charges from parm topology file =  -9.00000020

--------------------------------------------------------------------------------
   4.  RESULTS
--------------------------------------------------------------------------------

 ---------------------------------------------------

     eedmeth=4: Setting switch to one everywhere

 ---------------------------------------------------
| Local SIZE OF NONBOND LIST =   18807088
| TOTAL SIZE OF NONBOND LIST =   18807088


   NSTEP       ENERGY          RMS            GMAX         NAME    NUMBER
      1      -2.9368E+03     4.0380E+01     2.0519E+03     HG2        57

 BOND    =     6944.2801  ANGLE   =     1673.0717  DIHED      =     1808.5287
 VDWAALS =    -2689.8989  EEL     =   -27280.6422  HBOND      =        0.0000
 1-4 VDW =     1961.7321  1-4 EEL =    14327.0476  RESTRAINT  =        0.0000
 CMAP    =      319.1101


  Maximum number of minimization cycles reached.


                    FINAL RESULTS



   NSTEP       ENERGY          RMS            GMAX         NAME    NUMBER
      1      -2.9368E+03     4.0380E+01     2.0519E+03     HG2        57

 BOND    =     6944.2801  ANGLE   =     1673.0717  DIHED      =     1808.5287
 VDWAALS =    -2689.8989  EEL     =   -27280.6422  HBOND      =        0.0000
 1-4 VDW =     1961.7321  1-4 EEL =    14327.0476  RESTRAINT  =        0.0000
 CMAP    =      319.1101

--------------------------------------------------------------------------------
   5.  TIMINGS
--------------------------------------------------------------------------------

|    Read coords time           0.00 ( 0.73% of Total)
|    Fast Water setup           0.00 ( 0.01% of Total)
|                Build the list             0.05 (99.70% of List )
|                Other                      0.00 ( 0.30% of List )
|             List time                  0.05 (22.75% of Nonbo)
|                   Short_ene time             0.19 (100.0% of Direc)
|                   Other                      0.00 ( 0.02% of Direc)
|                Direct Ewald time          0.19 (99.89% of Ewald)
|                Other                      0.00 ( 0.11% of Ewald)
|             Ewald time                 0.19 (77.25% of Nonbo)
|          Nonbond force              0.24 (98.95% of Force)
|          Bond/Angle/Dihedral        0.00 ( 1.04% of Force)
|          Other                      0.00 ( 0.01% of Force)
|       Force time                 0.24 (100.0% of Runmd)
|    Runmd Time                 0.24 (85.66% of Total)
|    Other                      0.04 (13.60% of Total)
| Total time                 0.29 (100.0% of ALL  )

| Number of list builds   :          1

| Highest rstack allocated:      30660
| Highest istack allocated:       6132
|           Job began  at 02:31:22.115  on 09/04/2026
|           Setup done at 02:31:22.155  on 09/04/2026
|           Run   done at 02:31:22.401  on 09/04/2026
|     wallclock() was called      58 times

|3D-RISM memory allocation summary
|Type          Maximum        Current   
|Integer       0.00000 GB     0.00000 GB
|Real          0.00000 GB     0.00000 GB
|Logical       0.00000 GB     0.00000 GB
|Character     0.00000 GB     0.00000 GB
|---------------------------------------
|Total         0.00000 GB     0.00000 GB
