
          -------------------------------------------------------
          Amber 24 SANDER                              2024
          -------------------------------------------------------

| Run on 08/05/2026 at 10:40:50

|   Executable path: sander
| Working directory: /private/tmp/mosaics-ffc/force-field-comparison/protein/ff14sb/sander
|          Hostname: Unknown
  [-O]verwriting output

File Assignments:
|  MDIN: sander_sp.in                                                          
| MDOUT: peptide_sander_sp.out                                                 
|INPCRD: peptide_ff14sb_matched.rst7                                           
|  PARM: peptide_ff14sb.prmtop                                                 
|RESTRT: /tmp/x.rst7                                                           
|  REFC: refc                                                                  
| MDVEL: mdvel                                                                 
| MDFRC: mdfrc                                                                 
|  MDEN: mden                                                                  
| MDCRD: mdcrd                                                                 
|MDINFO: mdinfo                                                                
|  MTMD: mtmd                                                                  
|INPDIP: inpdip                                                                
|RSTDIP: rstdip                                                                
|INPTRA: inptraj                                                               


 Here is the input file:

single-point energy ACE-ALA-GLY-SER-VAL-NME (vacuum, dielectric=1)             
 &cntrl                                                                        
  imin=1, maxcyc=0, ntb=0, cut=999.0, ntpr=1, dielc=1.0                        
 /                                                                             

--------------------------------------------------------------------------------
   1.  RESOURCE   USE: 
--------------------------------------------------------------------------------

| Flags:                                                                        
|    NONPERIODIC   ntb=0 and igb=0: Setting up nonperiodic simulation
|  *** cutoff > system size, list only builds once
|Largest sphere to fit in unit cell has radius =    32.751
| New format PARM file being parsed.
| Version =    1.000 Date = 08/05/26 Time = 10:40:12
 NATOM  =      56 NTYPES =       9 NBONH =      29 MBONA  =      26
 NTHETH =      63 MTHETA =      34 NPHIH =     121 MPHIA  =     102
 NHPARM =       0 NPARM  =       0 NNB   =     283 NRES   =       6
 NBONA  =      26 NTHETA =      34 NPHIA =     102 NUMBND =      18
 NUMANG =      38 NPTRA  =      43 NATYP =      12 NPHB   =       0
 IFBOX  =       0 NMXRS  =      16 IFCAP =       0 NEXTRA =       0
 NCOPY  =       0


|     Memory Use     Allocated
|     Real              708134
|     Hollerith            176
|     Integer            32106
|     Max Pairs           1540
|     nblistReal           672
|     nblist Int       1151535
|       Total            10167 kbytes

| Note: 1-4 EEL scale factors are being read from the topology file.

| Note: 1-4 VDW scale factors are being read from the topology file.
| Duplicated    0 dihedrals
| Duplicated    0 dihedrals

--------------------------------------------------------------------------------
   2.  CONTROL  DATA  FOR  THE  RUN
--------------------------------------------------------------------------------

ACE                                                                             

General flags:
     imin    =       1, nmropt  =       0

Nature and format of input:
     ntx     =       1, irest   =       0, ntrx    =       1

Nature and format of output:
     ntxo    =       2, ntpr    =       1, ntrx    =       1, ntwr    =       1
     iwrap   =       0, ntwx    =       0, ntwv    =       0, ntwe    =       0
     ioutfm  =       1, ntwprt  =       0, idecomp =       0, rbornstat=      0

Potential function:
     ntf     =       1, ntb     =       0, igb     =       0, nsnb    =      25
     ipol    =       0, gbsa    =       0, iesp    =       0
     dielc   =   1.00000, cut     = 999.00000, intdiel =   1.00000

Frozen or restrained atoms:
     ibelly  =       0, ntr     =       0

Energy minimization:
     maxcyc  =       0, ncyc    =      10, ntmin   =       1
     dx0     =   0.01000, drms    =   0.00010
|  INFO: Old style inpcrd file read


--------------------------------------------------------------------------------
   3.  ATOMIC COORDINATES AND VELOCITIES
--------------------------------------------------------------------------------

                                                                                
 begin time read from input coords =     0.000 ps

 Number of triangulated 3-point waters found:        0

     Sum of charges from parm topology file =  -0.00000000
     Forcing neutrality...

--------------------------------------------------------------------------------
   4.  RESULTS
--------------------------------------------------------------------------------

 ---------------------------------------------------

     eedmeth=4: Setting switch to one everywhere

 ---------------------------------------------------
| Local SIZE OF NONBOND LIST =       1260
| TOTAL SIZE OF NONBOND LIST =       1260


   NSTEP       ENERGY          RMS            GMAX         NAME    NUMBER
      1       9.6265E+01     7.2559E+01     4.6972E+02     HG23       48

 BOND    =        0.1475  ANGLE   =        0.9873  DIHED      =       31.9819
 VDWAALS =      116.3145  EEL     =     -264.7822  HBOND      =        0.0000
 1-4 VDW =       18.1912  1-4 EEL =      193.4247  RESTRAINT  =        0.0000


  Maximum number of minimization cycles reached.


                    FINAL RESULTS



   NSTEP       ENERGY          RMS            GMAX         NAME    NUMBER
      1       9.6265E+01     7.2559E+01     4.6972E+02     HG23       48

 BOND    =        0.1475  ANGLE   =        0.9873  DIHED      =       31.9819
 VDWAALS =      116.3145  EEL     =     -264.7822  HBOND      =        0.0000
 1-4 VDW =       18.1912  1-4 EEL =      193.4247  RESTRAINT  =        0.0000

--------------------------------------------------------------------------------
   5.  TIMINGS
--------------------------------------------------------------------------------

|    Read coords time           0.00 ( 1.01% of Total)
|    Fast Water setup           0.00 ( 0.01% of Total)
|                Build the list             0.00 (89.35% of List )
|                Other                      0.00 (10.65% of List )
|             List time                  0.00 (71.98% of Nonbo)
|             Ewald time                 0.00 (28.02% of Nonbo)
|          Nonbond force              0.00 (50.65% of Force)
|          Bond/Angle/Dihedral        0.00 (10.35% of Force)
|          Other                      0.00 (39.00% of Force)
|       Force time                 0.00 (100.0% of Runmd)
|    Runmd Time                 0.00 ( 1.31% of Total)
|    Other                      0.02 (97.67% of Total)
| Total time                 0.02 (99.16% of ALL  )

| Number of list builds   :          1

| Highest rstack allocated:        240
| Highest istack allocated:         48
|           Job began  at 10:40:50.806  on 08/05/2026
|           Setup done at 10:40:50.828  on 08/05/2026
|           Run   done at 10:40:50.830  on 08/05/2026
|     wallclock() was called      58 times

|3D-RISM memory allocation summary
|Type          Maximum        Current   
|Integer       0.00000 GB     0.00000 GB
|Real          0.00000 GB     0.00000 GB
|Logical       0.00000 GB     0.00000 GB
|Character     0.00000 GB     0.00000 GB
|---------------------------------------
|Total         0.00000 GB     0.00000 GB
