###################################################################################
#   Copyright (c) 2007 Peter Minary.        ~---------------------------------~   #
#   All Rights Reserved.                    |     |              /    /    / ~|   #
#      __           ~-           __         |    \|/     _      /         / ~ |   #
#     /^^\     M   -  ~   M     /^^\        |   \_|_/  ((|))   /  M /  _ / ~ ~|   #
#    /^^^^\   O   -    ~   O   /^^^^\       |  \__|__/ ((|))  /      ((|))~ ~ |   #
#     |  |     S   -  ~   S     |  |        |     |      |   /  O /  ((|)) ~ ~|   #
#     |  |      A   ~-   A      |  |        |  _     _   |  /         /|~ ~ ~ |   #
#     |  |     I   ~  -   I     |  |        | {|}  ((|)) | /  S /  _ /~| ~_~ ~|   #
#    _|__|_   C   ~    -   C   _|__|_       |{{|}} ((|))  /      ((|)) |~{|}~ |   #
#              S   ~  -   S                 |  |     |   /  A /  ((|))~ {{|}}~|   #
#   --------------- -~ ----------------     |    _   |  /         /| ~ ~ ~| ~ |   #
#    Methodologies for Optimization and     |  ((|)) | /  I /  _ / |~ ~ ~| ~ ~|   #
#    SAmpling In Computational Studies      |  ((|))  /      ((|)) | ~  \|/ ~ |   #
#   -----------------------------------     |    |   /  C /  ((|))~ ~  \_|_/ ~|   #
#                                           |    |  /         /| ~ ~  \__|__/~|   #
#          >>  version.3.9.1  <<            |    | /  S /    /~|~ ~ ~ ~ ~| ~ ~|   #
#                                           |     /         /~ | ~ ~ ~ ~ ~ ~ ~|   #
#                                           ~---------------------------------~   #
###################################################################################


===================================================================================
Reading simulation input file ctl_ff14sb.input
-----------------------------------------------------------------------------------
-----------------------------------------------------------------------------------
Completed reading file ctl_ff14sb.input
===================================================================================


===================================================================================
Reading potential database files 
-----------------------------------------------------------------------------------
----------------------------------------------
Reading in database from file /Users/bright/Documents/MOSAICS/work/pr-fix-staging-nme-rna/params/db_ff14sb/mosaics_openmm-ff14sb.bond
...
Database reading done, total 90 entries read.
----------------------------------------------
----------------------------------------------
Reading in database from file /Users/bright/Documents/MOSAICS/work/pr-fix-staging-nme-rna/params/db_ff14sb/mosaics_openmm-ff14sb.bend
...
Database reading done, total 258 entries read.
----------------------------------------------
----------------------------------------------
Reading in database from file /Users/bright/Documents/MOSAICS/work/pr-fix-staging-nme-rna/params/db_ff14sb/mosaics_openmm-ff14sb.tors_and_impr
...
Database reading done, total 526 entries read.
----------------------------------------------
----------------------------------------------
Reading in database from file /Users/bright/Documents/MOSAICS/work/pr-fix-staging-nme-rna/params/db_ff14sb/mosaics_openmm-ff14sb.onfo
...
Database reading done, total 595 entries read.
----------------------------------------------
----------------------------------------------
Reading in database from file /Users/bright/Documents/MOSAICS/work/pr-fix-staging-nme-rna/params/db_ff14sb/mosaics_openmm-ff14sb.vdw
...
Database reading done, total 595 entries read.
----------------------------------------------
-----------------------------------------------------------------------------------
Completed reading potential database files 
===================================================================================


===================================================================================
Creating atom maps
-----------------------------------------------------------------------------------
-----------------------------------------------------------------------------------
Creating atom maps done
===================================================================================


===================================================================================
Reading file explicit_termini_ff14sb.pdb
-----------------------------------------------------------------------------------
----------------------------------------------
Reading file explicit_termini_ff14sb.pdb
...
File reading done, total 1231 lines read.
----------------------------------------------
-----------------------------------------------------------------------------------
Completed reading file explicit_termini_ff14sb.pdb
===================================================================================


===================================================================================
Reading residue topology file /Users/bright/Documents/MOSAICS/work/pr-fix-staging-nme-rna/params/top_openmm-ff14sb_protein.rtf
-----------------------------------------------------------------------------------
----------------------------------------------
Reading file /Users/bright/Documents/MOSAICS/work/pr-fix-staging-nme-rna/params/top_openmm-ff14sb_protein.rtf
...
File reading done, total 2564 lines read.
----------------------------------------------
-----------------------------------------------------------------------------------
Completed reading file /Users/bright/Documents/MOSAICS/work/pr-fix-staging-nme-rna/params/top_openmm-ff14sb_protein.rtf
===================================================================================


===================================================================================
Setting up residue topology
-----------------------------------------------------------------------------------
@@@@@@@@@@@@@@@@@@@@@@@@_error_@@@@@@@@@@@@@@@@@@@@@@@@@
NNME 0 was not found in .rtf
@@@@@@@@@@@@@@@@@@@@@@@@_error_@@@@@@@@@@@@@@@@@@@@@@@@@
